Archive member included to satisfy reference by file (symbol)

C:/ST/STM32CubeIDE_1.18.0/STM32CubeIDE/plugins/com.st.stm32cube.ide.mcu.externaltools.gnu-tools-for-stm32.13.3.rel1.win32_1.0.0.202411081344/tools/bin/../lib/gcc/arm-none-eabi/13.3.1/../../../../arm-none-eabi/lib/thumb/v7e-m+fp/hard\libc_nano.a(libc_a-exit.o)
                              C:/ST/STM32CubeIDE_1.18.0/STM32CubeIDE/plugins/com.st.stm32cube.ide.mcu.externaltools.gnu-tools-for-stm32.13.3.rel1.win32_1.0.0.202411081344/tools/bin/../lib/gcc/arm-none-eabi/13.3.1/../../../../arm-none-eabi/lib/thumb/v7e-m+fp/hard/crt0.o (exit)
C:/ST/STM32CubeIDE_1.18.0/STM32CubeIDE/plugins/com.st.stm32cube.ide.mcu.externaltools.gnu-tools-for-stm32.13.3.rel1.win32_1.0.0.202411081344/tools/bin/../lib/gcc/arm-none-eabi/13.3.1/../../../../arm-none-eabi/lib/thumb/v7e-m+fp/hard\libc_nano.a(libc_a-findfp.o)
                              C:/ST/STM32CubeIDE_1.18.0/STM32CubeIDE/plugins/com.st.stm32cube.ide.mcu.externaltools.gnu-tools-for-stm32.13.3.rel1.win32_1.0.0.202411081344/tools/bin/../lib/gcc/arm-none-eabi/13.3.1/../../../../arm-none-eabi/lib/thumb/v7e-m+fp/hard\libc_nano.a(libc_a-exit.o) (__stdio_exit_handler)
C:/ST/STM32CubeIDE_1.18.0/STM32CubeIDE/plugins/com.st.stm32cube.ide.mcu.externaltools.gnu-tools-for-stm32.13.3.rel1.win32_1.0.0.202411081344/tools/bin/../lib/gcc/arm-none-eabi/13.3.1/../../../../arm-none-eabi/lib/thumb/v7e-m+fp/hard\libc_nano.a(libc_a-fwalk.o)
                              C:/ST/STM32CubeIDE_1.18.0/STM32CubeIDE/plugins/com.st.stm32cube.ide.mcu.externaltools.gnu-tools-for-stm32.13.3.rel1.win32_1.0.0.202411081344/tools/bin/../lib/gcc/arm-none-eabi/13.3.1/../../../../arm-none-eabi/lib/thumb/v7e-m+fp/hard\libc_nano.a(libc_a-findfp.o) (_fwalk_sglue)
C:/ST/STM32CubeIDE_1.18.0/STM32CubeIDE/plugins/com.st.stm32cube.ide.mcu.externaltools.gnu-tools-for-stm32.13.3.rel1.win32_1.0.0.202411081344/tools/bin/../lib/gcc/arm-none-eabi/13.3.1/../../../../arm-none-eabi/lib/thumb/v7e-m+fp/hard\libc_nano.a(libc_a-printf.o)
                              ./Middlewares/ST/STM32_WPAN/utilities/dbg_trace.o (printf)
C:/ST/STM32CubeIDE_1.18.0/STM32CubeIDE/plugins/com.st.stm32cube.ide.mcu.externaltools.gnu-tools-for-stm32.13.3.rel1.win32_1.0.0.202411081344/tools/bin/../lib/gcc/arm-none-eabi/13.3.1/../../../../arm-none-eabi/lib/thumb/v7e-m+fp/hard\libc_nano.a(libc_a-stdio.o)
                              C:/ST/STM32CubeIDE_1.18.0/STM32CubeIDE/plugins/com.st.stm32cube.ide.mcu.externaltools.gnu-tools-for-stm32.13.3.rel1.win32_1.0.0.202411081344/tools/bin/../lib/gcc/arm-none-eabi/13.3.1/../../../../arm-none-eabi/lib/thumb/v7e-m+fp/hard\libc_nano.a(libc_a-findfp.o) (__sread)
C:/ST/STM32CubeIDE_1.18.0/STM32CubeIDE/plugins/com.st.stm32cube.ide.mcu.externaltools.gnu-tools-for-stm32.13.3.rel1.win32_1.0.0.202411081344/tools/bin/../lib/gcc/arm-none-eabi/13.3.1/../../../../arm-none-eabi/lib/thumb/v7e-m+fp/hard\libc_nano.a(libc_a-vprintf.o)
                              ./Middlewares/ST/STM32_WPAN/utilities/dbg_trace.o (vprintf)
C:/ST/STM32CubeIDE_1.18.0/STM32CubeIDE/plugins/com.st.stm32cube.ide.mcu.externaltools.gnu-tools-for-stm32.13.3.rel1.win32_1.0.0.202411081344/tools/bin/../lib/gcc/arm-none-eabi/13.3.1/../../../../arm-none-eabi/lib/thumb/v7e-m+fp/hard\libc_nano.a(libc_a-memcmp.o)
                              ./Middlewares/ST/STM32_WPAN/ble/core/template/osal.o (memcmp)
C:/ST/STM32CubeIDE_1.18.0/STM32CubeIDE/plugins/com.st.stm32cube.ide.mcu.externaltools.gnu-tools-for-stm32.13.3.rel1.win32_1.0.0.202411081344/tools/bin/../lib/gcc/arm-none-eabi/13.3.1/../../../../arm-none-eabi/lib/thumb/v7e-m+fp/hard\libc_nano.a(libc_a-memset.o)
                              C:/ST/STM32CubeIDE_1.18.0/STM32CubeIDE/plugins/com.st.stm32cube.ide.mcu.externaltools.gnu-tools-for-stm32.13.3.rel1.win32_1.0.0.202411081344/tools/bin/../lib/gcc/arm-none-eabi/13.3.1/../../../../arm-none-eabi/lib/thumb/v7e-m+fp/hard/crt0.o (memset)
C:/ST/STM32CubeIDE_1.18.0/STM32CubeIDE/plugins/com.st.stm32cube.ide.mcu.externaltools.gnu-tools-for-stm32.13.3.rel1.win32_1.0.0.202411081344/tools/bin/../lib/gcc/arm-none-eabi/13.3.1/../../../../arm-none-eabi/lib/thumb/v7e-m+fp/hard\libc_nano.a(libc_a-strrchr.o)
                              ./Middlewares/ST/STM32_WPAN/utilities/dbg_trace.o (strrchr)
C:/ST/STM32CubeIDE_1.18.0/STM32CubeIDE/plugins/com.st.stm32cube.ide.mcu.externaltools.gnu-tools-for-stm32.13.3.rel1.win32_1.0.0.202411081344/tools/bin/../lib/gcc/arm-none-eabi/13.3.1/../../../../arm-none-eabi/lib/thumb/v7e-m+fp/hard\libc_nano.a(libc_a-closer.o)
                              C:/ST/STM32CubeIDE_1.18.0/STM32CubeIDE/plugins/com.st.stm32cube.ide.mcu.externaltools.gnu-tools-for-stm32.13.3.rel1.win32_1.0.0.202411081344/tools/bin/../lib/gcc/arm-none-eabi/13.3.1/../../../../arm-none-eabi/lib/thumb/v7e-m+fp/hard\libc_nano.a(libc_a-stdio.o) (_close_r)
[...]
Memory Configuration

Name             Origin             Length             Attributes
FLASH            0x08000000         0x00080000         xr
RAM              0x20000008         0x0002fff8         xrw
RAM_SHARED       0x20030000         0x00002800         xrw
*default*        0x00000000         0xffffffff

Linker script and memory map

LOAD C:/ST/STM32CubeIDE_1.18.0/STM32CubeIDE/plugins/com.st.stm32cube.ide.mcu.externaltools.gnu-tools-for-stm32.13.3.rel1.win32_1.0.0.202411081344/tools/bin/../lib/gcc/arm-none-eabi/13.3.1/thumb/v7e-m+fp/hard/crti.o
LOAD C:/ST/STM32CubeIDE_1.18.0/STM32CubeIDE/plugins/com.st.stm32cube.ide.mcu.externaltools.gnu-tools-for-stm32.13.3.rel1.win32_1.0.0.202411081344/tools/bin/../lib/gcc/arm-none-eabi/13.3.1/thumb/v7e-m+fp/hard/crtbegin.o
LOAD C:/ST/STM32CubeIDE_1.18.0/STM32CubeIDE/plugins/com.st.stm32cube.ide.mcu.externaltools.gnu-tools-for-stm32.13.3.rel1.win32_1.0.0.202411081344/tools/bin/../lib/gcc/arm-none-eabi/13.3.1/../../../../arm-none-eabi/lib/thumb/v7e-m+fp/hard/crt0.o
LOAD ./Core/Src/app_debug.o
LOAD ./Core/Src/app_entry.o
LOAD ./Core/Src/hw_timerserver.o
LOAD ./Core/Src/main.o
LOAD ./Core/Src/stm32_lpm_if.o
LOAD ./Core/Src/stm32wbxx_hal_msp.o
LOAD ./Core/Src/stm32wbxx_it.o
LOAD ./Core/Src/syscalls.o
LOAD ./Core/Src/sysmem.o
LOAD ./Core/Src/system_stm32wbxx.o
LOAD ./Core/Startup/startup_stm32wb55cgux.o
LOAD ./Drivers/STM32WBxx_HAL_Driver/Src/stm32wbxx_hal.o
LOAD ./Drivers/STM32WBxx_HAL_Driver/Src/stm32wbxx_hal_cortex.o
LOAD ./Drivers/STM32WBxx_HAL_Driver/Src/stm32wbxx_hal_dma.o
LOAD ./Drivers/STM32WBxx_HAL_Driver/Src/stm32wbxx_hal_dma_ex.o
LOAD ./Drivers/STM32WBxx_HAL_Driver/Src/stm32wbxx_hal_exti.o
LOAD ./Drivers/STM32WBxx_HAL_Driver/Src/stm32wbxx_hal_flash.o
LOAD ./Drivers/STM32WBxx_HAL_Driver/Src/stm32wbxx_hal_flash_ex.o
LOAD ./Drivers/STM32WBxx_HAL_Driver/Src/stm32wbxx_hal_gpio.o
LOAD ./Drivers/STM32WBxx_HAL_Driver/Src/stm32wbxx_hal_hsem.o
LOAD ./Drivers/STM32WBxx_HAL_Driver/Src/stm32wbxx_hal_ipcc.o
LOAD ./Drivers/STM32WBxx_HAL_Driver/Src/stm32wbxx_hal_pwr.o
LOAD ./Drivers/STM32WBxx_HAL_Driver/Src/stm32wbxx_hal_pwr_ex.o
LOAD ./Drivers/STM32WBxx_HAL_Driver/Src/stm32wbxx_hal_rcc.o
LOAD ./Drivers/STM32WBxx_HAL_Driver/Src/stm32wbxx_hal_rcc_ex.o
LOAD ./Drivers/STM32WBxx_HAL_Driver/Src/stm32wbxx_hal_rtc.o
LOAD ./Drivers/STM32WBxx_HAL_Driver/Src/stm32wbxx_hal_rtc_ex.o
LOAD ./Drivers/STM32WBxx_HAL_Driver/Src/stm32wbxx_ll_rcc.o
LOAD ./Middlewares/ST/STM32_WPAN/ble/core/auto/ble_events.o
LOAD ./Middlewares/ST/STM32_WPAN/ble/core/auto/ble_gap_aci.o
LOAD ./Middlewares/ST/STM32_WPAN/ble/core/auto/ble_gatt_aci.o
LOAD ./Middlewares/ST/STM32_WPAN/ble/core/auto/ble_hal_aci.o
LOAD ./Middlewares/ST/STM32_WPAN/ble/core/auto/ble_hci_le.o
LOAD ./Middlewares/ST/STM32_WPAN/ble/core/auto/ble_l2cap_aci.o
LOAD ./Middlewares/ST/STM32_WPAN/ble/core/template/osal.o
LOAD ./Middlewares/ST/STM32_WPAN/ble/svc/Src/svc_ctl.o
LOAD ./Middlewares/ST/STM32_WPAN/interface/patterns/ble_thread/shci/shci.o
LOAD ./Middlewares/ST/STM32_WPAN/interface/patterns/ble_thread/tl/hci_tl.o
LOAD ./Middlewares/ST/STM32_WPAN/interface/patterns/ble_thread/tl/hci_tl_if.o
LOAD ./Middlewares/ST/STM32_WPAN/interface/patterns/ble_thread/tl/shci_tl.o
LOAD ./Middlewares/ST/STM32_WPAN/interface/patterns/ble_thread/tl/shci_tl_if.o
LOAD ./Middlewares/ST/STM32_WPAN/interface/patterns/ble_thread/tl/tl_mbox.o
LOAD ./Middlewares/ST/STM32_WPAN/utilities/dbg_trace.o
LOAD ./Middlewares/ST/STM32_WPAN/utilities/otp.o
LOAD ./Middlewares/ST/STM32_WPAN/utilities/stm_list.o
LOAD ./Middlewares/ST/STM32_WPAN/utilities/stm_queue.o
LOAD ./STM32_WPAN/App/app_ble.o
LOAD ./STM32_WPAN/App/custom_app.o
LOAD ./STM32_WPAN/App/custom_stm.o
LOAD ./STM32_WPAN/Target/hw_ipcc.o
LOAD ./Utilities/lpm/tiny_lpm/stm32_lpm.o
LOAD ./Utilities/sequencer/stm32_seq.o
START GROUP
LOAD C:/ST/STM32CubeIDE_1.18.0/STM32CubeIDE/plugins/com.st.stm32cube.ide.mcu.externaltools.gnu-tools-for-stm32.13.3.rel1.win32_1.0.0.202411081344/tools/bin/../lib/gcc/arm-none-eabi/13.3.1/../../../../arm-none-eabi/lib/thumb/v7e-m+fp/hard\libc_nano.a
LOAD C:/ST/STM32CubeIDE_1.18.0/STM32CubeIDE/plugins/com.st.stm32cube.ide.mcu.externaltools.gnu-tools-for-stm32.13.3.rel1.win32_1.0.0.202411081344/tools/bin/../lib/gcc/arm-none-eabi/13.3.1/../../../../arm-none-eabi/lib/thumb/v7e-m+fp/hard\libm.a
END GROUP
START GROUP
LOAD C:/ST/STM32CubeIDE_1.18.0/STM32CubeIDE/plugins/com.st.stm32cube.ide.mcu.externaltools.gnu-tools-for-stm32.13.3.rel1.win32_1.0.0.202411081344/tools/bin/../lib/gcc/arm-none-eabi/13.3.1/thumb/v7e-m+fp/hard\libgcc.a
LOAD C:/ST/STM32CubeIDE_1.18.0/STM32CubeIDE/plugins/com.st.stm32cube.ide.mcu.externaltools.gnu-tools-for-stm32.13.3.rel1.win32_1.0.0.202411081344/tools/bin/../lib/gcc/arm-none-eabi/13.3.1/../../../../arm-none-eabi/lib/thumb/v7e-m+fp/hard\libc_nano.a
END GROUP
START GROUP
LOAD C:/ST/STM32CubeIDE_1.18.0/STM32CubeIDE/plugins/com.st.stm32cube.ide.mcu.externaltools.gnu-tools-for-stm32.13.3.rel1.win32_1.0.0.202411081344/tools/bin/../lib/gcc/arm-none-eabi/13.3.1/thumb/v7e-m+fp/hard\libgcc.a
LOAD C:/ST/STM32CubeIDE_1.18.0/STM32CubeIDE/plugins/com.st.stm32cube.ide.mcu.externaltools.gnu-tools-for-stm32.13.3.rel1.win32_1.0.0.202411081344/tools/bin/../lib/gcc/arm-none-eabi/13.3.1/../../../../arm-none-eabi/lib/thumb/v7e-m+fp/hard\libc_nano.a
LOAD C:/ST/STM32CubeIDE_1.18.0/STM32CubeIDE/plugins/com.st.stm32cube.ide.mcu.externaltools.gnu-tools-for-stm32.13.3.rel1.win32_1.0.0.202411081344/tools/bin/../lib/gcc/arm-none-eabi/13.3.1/../../../../arm-none-eabi/lib/thumb/v7e-m+fp/hard\libnosys.a
END GROUP
START GROUP
LOAD C:/ST/STM32CubeIDE_1.18.0/STM32CubeIDE/plugins/com.st.stm32cube.ide.mcu.externaltools.gnu-tools-for-stm32.13.3.rel1.win32_1.0.0.202411081344/tools/bin/../lib/gcc/arm-none-eabi/13.3.1/thumb/v7e-m+fp/hard\libgcc.a
LOAD C:/ST/STM32CubeIDE_1.18.0/STM32CubeIDE/plugins/com.st.stm32cube.ide.mcu.externaltools.gnu-tools-for-stm32.13.3.rel1.win32_1.0.0.202411081344/tools/bin/../lib/gcc/arm-none-eabi/13.3.1/../../../../arm-none-eabi/lib/thumb/v7e-m+fp/hard\libc_nano.a
LOAD C:/ST/STM32CubeIDE_1.18.0/STM32CubeIDE/plugins/com.st.stm32cube.ide.mcu.externaltools.gnu-tools-for-stm32.13.3.rel1.win32_1.0.0.202411081344/tools/bin/../lib/gcc/arm-none-eabi/13.3.1/../../../../arm-none-eabi/lib/thumb/v7e-m+fp/hard\libnosys.a
END GROUP
LOAD C:/ST/STM32CubeIDE_1.18.0/STM32CubeIDE/plugins/com.st.stm32cube.ide.mcu.externaltools.gnu-tools-for-stm32.13.3.rel1.win32_1.0.0.202411081344/tools/bin/../lib/gcc/arm-none-eabi/13.3.1/thumb/v7e-m+fp/hard/crtend.o
LOAD C:/ST/STM32CubeIDE_1.18.0/STM32CubeIDE/plugins/com.st.stm32cube.ide.mcu.externaltools.gnu-tools-for-stm32.13.3.rel1.win32_1.0.0.202411081344/tools/bin/../lib/gcc/arm-none-eabi/13.3.1/thumb/v7e-m+fp/hard/crtn.o
                0x20030000                        _estack = (ORIGIN (RAM) + LENGTH (RAM))
                0x00000200                        _Min_Heap_Size = 0x200
                0x00000400                        _Min_Stack_Size = 0x400

.isr_vector     0x08000000      0x13c
                0x08000000                        . = ALIGN (0x4)
 *(.isr_vector)
 .isr_vector    0x08000000      0x13c ./Core/Startup/startup_stm32wb55cgux.o
                0x08000000                g_pfnVectors
                0x0800013c                        . = ALIGN (0x4)

.text           0x0800013c     0x71a0
                0x0800013c                        . = ALIGN (0x4)
 *(.text)
 .text          0x0800013c       0x40 C:/ST/STM32CubeIDE_1.18.0/STM32CubeIDE/plugins/com.st.stm32cube.ide.mcu.externaltools.gnu-tools-for-stm32.13.3.rel1.win32_1.0.0.202411081344/tools/bin/../lib/gcc/arm-none-eabi/13.3.1/thumb/v7e-m+fp/hard/crtbegin.o
 .text          0x0800017c       0x10 C:/ST/STM32CubeIDE_1.18.0/STM32CubeIDE/plugins/com.st.stm32cube.ide.mcu.externaltools.gnu-tools-for-stm32.13.3.rel1.win32_1.0.0.202411081344/tools/bin/../lib/gcc/arm-none-eabi/13.3.1/../../../../arm-none-eabi/lib/thumb/v7e-m+fp/hard\libc_nano.a(libc_a-strlen.o)
                0x0800017c                strlen
 *(.text*)
 .text.APPD_EnableCPU2
                0x0800018c       0x38 ./Core/Src/app_debug.o
                0x0800018c                APPD_EnableCPU2
 .text.LL_C2_PWR_SetPowerMode
                0x080001c4       0x2c ./Core/Src/app_entry.o
 .text.LL_EXTI_EnableIT_32_63
                0x080001f0       0x28 ./Core/Src/app_entry.o
 .text.LL_RCC_HSE_SetCapacitorTuning
                0x08000218       0x3c ./Core/Src/app_entry.o
 .text.LL_RCC_SetClkAfterWakeFromStop
                0x08000254       0x28 ./Core/Src/app_entry.o
 .text.LL_DBGMCU_GetDeviceID
                0x0800027c       0x1c ./Core/Src/app_entry.o
 .text.LL_DBGMCU_GetRevisionID
                0x08000298       0x1c ./Core/Src/app_entry.o
 .text.LL_RTC_EnableWriteProtection
                0x080002b4       0x1a ./Core/Src/app_entry.o
 .text.LL_RTC_DisableWriteProtection
                0x080002ce       0x20 ./Core/Src/app_entry.o
 .text.LL_RTC_WAKEUP_SetClock
                0x080002ee       0x26 ./Core/Src/app_entry.o
 .text.MX_APPE_Config
                0x08000314       0x1c ./Core/Src/app_entry.o
                0x08000314                MX_APPE_Config
 .text.MX_APPE_Init
                0x08000330       0x20 ./Core/Src/app_entry.o
                0x08000330                MX_APPE_Init
 .text.Init_Smps
                0x08000350        0xe ./Core/Src/app_entry.o
                0x08000350                Init_Smps
 .text.Init_Exti
                0x0800035e        0xe ./Core/Src/app_entry.o
                0x0800035e                Init_Exti
 .text.Reset_Device
                0x0800036c        0xe ./Core/Src/app_entry.o
 .text.Config_HSE
                0x0800037a       0x28 ./Core/Src/app_entry.o
 .text.System_Init
                0x080003a2       0x14 ./Core/Src/app_entry.o
 *fill*         0x080003b6        0x2 
 .text.Init_Rtc
                0x080003b8       0x20 ./Core/Src/app_entry.o
 .text.SystemPower_Config
                0x080003d8       0x1a ./Core/Src/app_entry.o
 *fill*         0x080003f2        0x2 
 .text.appe_Tl_Init
                0x080003f4       0x6c ./Core/Src/app_entry.o
 .text.APPE_SysStatusNot
                0x08000460       0x16 ./Core/Src/app_entry.o
 *fill*         0x08000476        0x2 
 .text.APPE_SysUserEvtRx
                0x08000478       0x68 ./Core/Src/app_entry.o
 .text.APPE_SysEvtError
                0x080004e0       0x22 ./Core/Src/app_entry.o
 .text.APPE_SysEvtReadyProcessing
                0x08000502       0x88 ./Core/Src/app_entry.o
 .text.MX_APPE_Process
                0x0800058a       0x10 ./Core/Src/app_entry.o
                0x0800058a                MX_APPE_Process
 .text.UTIL_SEQ_Idle
                0x0800059a        0xe ./Core/Src/app_entry.o
                0x0800059a                UTIL_SEQ_Idle
 .text.shci_notify_asynch_evt
                0x080005a8       0x18 ./Core/Src/app_entry.o
                0x080005a8                shci_notify_asynch_evt
 .text.shci_cmd_resp_release
                0x080005c0       0x16 ./Core/Src/app_entry.o
                0x080005c0                shci_cmd_resp_release
 .text.shci_cmd_resp_wait
                0x080005d6       0x16 ./Core/Src/app_entry.o
                0x080005d6                shci_cmd_resp_wait
 .text.LL_EXTI_EnableIT_0_31
                0x080005ec       0x28 ./Core/Src/hw_timerserver.o
 .text.LL_EXTI_EnableRisingTrig_0_31
                0x08000614       0x24 ./Core/Src/hw_timerserver.o
 .text.ReadRtcSsrValue
                0x08000638       0x40 ./Core/Src/hw_timerserver.o
 .text.LinkTimerAfter
                0x08000678       0x8c ./Core/Src/hw_timerserver.o
 .text.LinkTimerBefore
                0x08000704       0xc0 ./Core/Src/hw_timerserver.o
 .text.linkTimer
                0x080007c4      0x154 ./Core/Src/hw_timerserver.o
 .text.UnlinkTimer
                0x08000918      0x108 ./Core/Src/hw_timerserver.o
 .text.ReturnTimeElapsed
                0x08000a20       0x80 ./Core/Src/hw_timerserver.o
 .text.RestartWakeupCounter
                0x08000aa0       0xb0 ./Core/Src/hw_timerserver.o
 .text.RescheduleTimerList
                0x08000b50      0x134 ./Core/Src/hw_timerserver.o
 .text.HW_TS_RTC_Wakeup_Handler
                0x08000c84      0x190 ./Core/Src/hw_timerserver.o
                0x08000c84                HW_TS_RTC_Wakeup_Handler
 .text.HW_TS_Init
                0x08000e14      0x1b4 ./Core/Src/hw_timerserver.o
                0x08000e14                HW_TS_Init
 .text.HW_TS_Stop
                0x08000fc8      0x108 ./Core/Src/hw_timerserver.o
                0x08000fc8                HW_TS_Stop
 .text.HW_TS_Start
                0x080010d0      0x10c ./Core/Src/hw_timerserver.o
                0x080010d0                HW_TS_Start
 .text.HW_TS_RTC_Int_AppNot
                0x080011dc       0x1a ./Core/Src/hw_timerserver.o
                0x080011dc                HW_TS_RTC_Int_AppNot
 .text.LL_AHB2_GRP1_EnableClock
                0x080011f6       0x32 ./Core/Src/main.o
 .text.main     0x08001228       0x2e ./Core/Src/main.o
                0x08001228                main
 *fill*         0x08001256        0x2 
 .text.SystemClock_Config
                0x08001258       0xcc ./Core/Src/main.o
                0x08001258                SystemClock_Config
 .text.PeriphCommonClock_Config
                0x08001324       0x40 ./Core/Src/main.o
                0x08001324                PeriphCommonClock_Config
 .text.MX_IPCC_Init
                0x08001364       0x28 ./Core/Src/main.o
 .text.MX_RF_Init
                0x0800138c        0xe ./Core/Src/main.o
 *fill*         0x0800139a        0x2 
 .text.MX_RTC_Init
                0x0800139c       0x68 ./Core/Src/main.o
 .text.MX_GPIO_Init
                0x08001404       0x14 ./Core/Src/main.o
 .text.Error_Handler
                0x08001418        0xc ./Core/Src/main.o
                0x08001418                Error_Handler
 .text.LL_RCC_EnableRTC
                0x08001424       0x22 ./Core/Src/stm32wbxx_hal_msp.o
 .text.LL_AHB3_GRP1_EnableClock
                0x08001446       0x32 ./Core/Src/stm32wbxx_hal_msp.o
 .text.LL_APB1_GRP1_EnableClock
                0x08001478       0x32 ./Core/Src/stm32wbxx_hal_msp.o
 .text.HAL_MspInit
                0x080014aa       0x20 ./Core/Src/stm32wbxx_hal_msp.o
                0x080014aa                HAL_MspInit
 *fill*         0x080014ca        0x2 
 .text.HAL_IPCC_MspInit
                0x080014cc       0x48 ./Core/Src/stm32wbxx_hal_msp.o
                0x080014cc                HAL_IPCC_MspInit
 .text.HAL_RTC_MspInit
                0x08001514       0x6c ./Core/Src/stm32wbxx_hal_msp.o
                0x08001514                HAL_RTC_MspInit
 .text.NMI_Handler
                0x08001580        0x8 ./Core/Src/stm32wbxx_it.o
                0x08001580                NMI_Handler
 .text.HardFault_Handler
                0x08001588        0x8 ./Core/Src/stm32wbxx_it.o
                0x08001588                HardFault_Handler
 .text.MemManage_Handler
                0x08001590        0x8 ./Core/Src/stm32wbxx_it.o
                0x08001590                MemManage_Handler
 .text.BusFault_Handler
                0x08001598        0x8 ./Core/Src/stm32wbxx_it.o
                0x08001598                BusFault_Handler
 .text.UsageFault_Handler
                0x080015a0        0x8 ./Core/Src/stm32wbxx_it.o
                0x080015a0                UsageFault_Handler
 .text.SVC_Handler
                0x080015a8        0xe ./Core/Src/stm32wbxx_it.o
                0x080015a8                SVC_Handler
 .text.DebugMon_Handler
                0x080015b6        0xe ./Core/Src/stm32wbxx_it.o
                0x080015b6                DebugMon_Handler
 .text.PendSV_Handler
                0x080015c4        0xe ./Core/Src/stm32wbxx_it.o
                0x080015c4                PendSV_Handler
 .text.SysTick_Handler
                0x080015d2        0xc ./Core/Src/stm32wbxx_it.o
                0x080015d2                SysTick_Handler
 .text.RTC_WKUP_IRQHandler
                0x080015de        0xc ./Core/Src/stm32wbxx_it.o
                0x080015de                RTC_WKUP_IRQHandler
 .text.IPCC_C1_RX_IRQHandler
                0x080015ea        0xc ./Core/Src/stm32wbxx_it.o
                0x080015ea                IPCC_C1_RX_IRQHandler
 .text.IPCC_C1_TX_IRQHandler
                0x080015f6        0xc ./Core/Src/stm32wbxx_it.o
                0x080015f6                IPCC_C1_TX_IRQHandler
 .text.HSEM_IRQHandler
                0x08001602        0xc ./Core/Src/stm32wbxx_it.o
                0x08001602                HSEM_IRQHandler
 *fill*         0x0800160e        0x2 
 .text.SystemInit
                0x08001610       0xa4 ./Core/Src/system_stm32wbxx.o
                0x08001610                SystemInit
 .text.data_initializers
                0x080016b4       0x18 ./Core/Startup/startup_stm32wb55cgux.o
 .text.Reset_Handler
                0x080016cc       0x58 ./Core/Startup/startup_stm32wb55cgux.o
                0x080016cc                Reset_Handler
 .text.Default_Handler
                0x08001724        0x2 ./Core/Startup/startup_stm32wb55cgux.o
                0x08001724                RTC_Alarm_IRQHandler
                0x08001724                EXTI2_IRQHandler
                0x08001724                TIM1_CC_IRQHandler
                0x08001724                TSC_IRQHandler
                0x08001724                USB_HP_IRQHandler
                0x08001724                EXTI3_IRQHandler
                0x08001724                LPTIM2_IRQHandler
                0x08001724                I2C3_ER_IRQHandler
                0x08001724                EXTI0_IRQHandler
                0x08001724                FPU_IRQHandler
                0x08001724                TIM1_UP_TIM16_IRQHandler
                0x08001724                AES1_IRQHandler
                0x08001724                SPI1_IRQHandler
                0x08001724                PWR_SOTF_BLEACT_802ACT_RFPHASE_IRQHandler
                0x08001724                DMA2_Channel2_IRQHandler
                0x08001724                DMA1_Channel4_IRQHandler
                0x08001724                ADC1_IRQHandler
                0x08001724                PKA_IRQHandler
                0x08001724                DMA1_Channel7_IRQHandler
                0x08001724                LCD_IRQHandler
                0x08001724                DMA2_Channel1_IRQHandler
                0x08001724                QUADSPI_IRQHandler
                0x08001724                I2C1_EV_IRQHandler
                0x08001724                DMAMUX1_OVR_IRQHandler
                0x08001724                DMA1_Channel6_IRQHandler
                0x08001724                DMA2_Channel4_IRQHandler
                0x08001724                RCC_IRQHandler
                0x08001724                DMA1_Channel1_IRQHandler
                0x08001724                Default_Handler
                0x08001724                DMA2_Channel7_IRQHandler
                0x08001724                EXTI15_10_IRQHandler
                0x08001724                C2SEV_PWR_C2H_IRQHandler
                0x08001724                AES2_IRQHandler
                0x08001724                I2C3_EV_IRQHandler
                0x08001724                EXTI9_5_IRQHandler
                0x08001724                PVD_PVM_IRQHandler
                0x08001724                SPI2_IRQHandler
                0x08001724                DMA2_Channel5_IRQHandler
                0x08001724                CRS_IRQHandler
                0x08001724                DMA1_Channel5_IRQHandler
                0x08001724                USB_LP_IRQHandler
                0x08001724                EXTI4_IRQHandler
                0x08001724                RNG_IRQHandler
                0x08001724                TIM1_TRG_COM_TIM17_IRQHandler
                0x08001724                TAMP_STAMP_LSECSS_IRQHandler
                0x08001724                DMA1_Channel3_IRQHandler
                0x08001724                COMP_IRQHandler
                0x08001724                WWDG_IRQHandler
                0x08001724                LPUART1_IRQHandler
                0x08001724                DMA2_Channel6_IRQHandler
                0x08001724                TIM2_IRQHandler
                0x08001724                TIM1_BRK_IRQHandler
                0x08001724                EXTI1_IRQHandler
                0x08001724                DMA1_Channel2_IRQHandler
                0x08001724                FLASH_IRQHandler
                0x08001724                USART1_IRQHandler
                0x08001724                I2C1_ER_IRQHandler
                0x08001724                LPTIM1_IRQHandler
                0x08001724                SAI1_IRQHandler
                0x08001724                DMA2_Channel3_IRQHandler
 *fill*         0x08001726        0x2 
 .text.HAL_Init
                0x08001728       0x40 ./Drivers/STM32WBxx_HAL_Driver/Src/stm32wbxx_hal.o
                0x08001728                HAL_Init
 .text.HAL_InitTick
                0x08001768       0x74 ./Drivers/STM32WBxx_HAL_Driver/Src/stm32wbxx_hal.o
                0x08001768                HAL_InitTick
 .text.HAL_IncTick
                0x080017dc       0x28 ./Drivers/STM32WBxx_HAL_Driver/Src/stm32wbxx_hal.o
                0x080017dc                HAL_IncTick
 .text.HAL_GetTick
                0x08001804       0x18 ./Drivers/STM32WBxx_HAL_Driver/Src/stm32wbxx_hal.o
                0x08001804                HAL_GetTick
 .text.HAL_GetTickPrio
                0x0800181c       0x18 ./Drivers/STM32WBxx_HAL_Driver/Src/stm32wbxx_hal.o
                0x0800181c                HAL_GetTickPrio
 .text.__NVIC_SetPriorityGrouping
                0x08001834       0x48 ./Drivers/STM32WBxx_HAL_Driver/Src/stm32wbxx_hal_cortex.o
 .text.__NVIC_GetPriorityGrouping
                0x0800187c       0x1c ./Drivers/STM32WBxx_HAL_Driver/Src/stm32wbxx_hal_cortex.o
 .text.__NVIC_EnableIRQ
                0x08001898       0x3c ./Drivers/STM32WBxx_HAL_Driver/Src/stm32wbxx_hal_cortex.o
 .text.__NVIC_DisableIRQ
                0x080018d4       0x48 ./Drivers/STM32WBxx_HAL_Driver/Src/stm32wbxx_hal_cortex.o
 .text.__NVIC_SetPendingIRQ
                0x0800191c       0x3c ./Drivers/STM32WBxx_HAL_Driver/Src/stm32wbxx_hal_cortex.o
 .text.__NVIC_ClearPendingIRQ
                0x08001958       0x3c ./Drivers/STM32WBxx_HAL_Driver/Src/stm32wbxx_hal_cortex.o
 .text.__NVIC_SetPriority
                0x08001994       0x54 ./Drivers/STM32WBxx_HAL_Driver/Src/stm32wbxx_hal_cortex.o
 .text.NVIC_EncodePriority
                0x080019e8       0x66 ./Drivers/STM32WBxx_HAL_Driver/Src/stm32wbxx_hal_cortex.o
 *fill*         0x08001a4e        0x2 
 .text.SysTick_Config
                0x08001a50       0x44 ./Drivers/STM32WBxx_HAL_Driver/Src/stm32wbxx_hal_cortex.o
 .text.HAL_NVIC_SetPriorityGrouping
                0x08001a94       0x16 ./Drivers/STM32WBxx_HAL_Driver/Src/stm32wbxx_hal_cortex.o
                0x08001a94                HAL_NVIC_SetPriorityGrouping
 .text.HAL_NVIC_SetPriority
                0x08001aaa       0x34 ./Drivers/STM32WBxx_HAL_Driver/Src/stm32wbxx_hal_cortex.o
                0x08001aaa                HAL_NVIC_SetPriority
 .text.HAL_NVIC_EnableIRQ
                0x08001ade       0x1c ./Drivers/STM32WBxx_HAL_Driver/Src/stm32wbxx_hal_cortex.o
                0x08001ade                HAL_NVIC_EnableIRQ
 .text.HAL_NVIC_DisableIRQ
                0x08001afa       0x1c ./Drivers/STM32WBxx_HAL_Driver/Src/stm32wbxx_hal_cortex.o
                0x08001afa                HAL_NVIC_DisableIRQ
 .text.HAL_SYSTICK_Config
                0x08001b16       0x18 ./Drivers/STM32WBxx_HAL_Driver/Src/stm32wbxx_hal_cortex.o
                0x08001b16                HAL_SYSTICK_Config
 .text.HAL_NVIC_SetPendingIRQ
                0x08001b2e       0x1c ./Drivers/STM32WBxx_HAL_Driver/Src/stm32wbxx_hal_cortex.o
                0x08001b2e                HAL_NVIC_SetPendingIRQ
 .text.HAL_NVIC_ClearPendingIRQ
                0x08001b4a       0x1c ./Drivers/STM32WBxx_HAL_Driver/Src/stm32wbxx_hal_cortex.o
                0x08001b4a                HAL_NVIC_ClearPendingIRQ
 *fill*         0x08001b66        0x2 
 .text.HAL_HSEM_IRQHandler
                0x08001b68       0x34 ./Drivers/STM32WBxx_HAL_Driver/Src/stm32wbxx_hal_hsem.o
                0x08001b68                HAL_HSEM_IRQHandler
 .text.HAL_HSEM_FreeCallback
                0x08001b9c       0x14 ./Drivers/STM32WBxx_HAL_Driver/Src/stm32wbxx_hal_hsem.o
                0x08001b9c                HAL_HSEM_FreeCallback
 .text.HAL_IPCC_Init
                0x08001bb0       0x64 ./Drivers/STM32WBxx_HAL_Driver/Src/stm32wbxx_hal_ipcc.o
                0x08001bb0                HAL_IPCC_Init
 .text.HAL_IPCC_RxCallback
                0x08001c14       0x1a ./Drivers/STM32WBxx_HAL_Driver/Src/stm32wbxx_hal_ipcc.o
                0x08001c14                HAL_IPCC_RxCallback
 .text.HAL_IPCC_TxCallback
                0x08001c2e       0x1a ./Drivers/STM32WBxx_HAL_Driver/Src/stm32wbxx_hal_ipcc.o
                0x08001c2e                HAL_IPCC_TxCallback
 .text.IPCC_SetDefaultCallbacks
                0x08001c48       0x4c ./Drivers/STM32WBxx_HAL_Driver/Src/stm32wbxx_hal_ipcc.o
                0x08001c48                IPCC_SetDefaultCallbacks
 .text.IPCC_Reset_Register
                0x08001c94       0x28 ./Drivers/STM32WBxx_HAL_Driver/Src/stm32wbxx_hal_ipcc.o
                0x08001c94                IPCC_Reset_Register
 .text.HAL_PWR_EnableBkUpAccess
                0x08001cbc       0x20 ./Drivers/STM32WBxx_HAL_Driver/Src/stm32wbxx_hal_pwr.o
                0x08001cbc                HAL_PWR_EnableBkUpAccess
 .text.HAL_PWREx_GetVoltageRange
                0x08001cdc       0x1c ./Drivers/STM32WBxx_HAL_Driver/Src/stm32wbxx_hal_pwr_ex.o
                0x08001cdc                HAL_PWREx_GetVoltageRange
 .text.LL_RCC_HSE_IsEnabledDiv2
                0x08001cf8       0x24 ./Drivers/STM32WBxx_HAL_Driver/Src/stm32wbxx_hal_rcc.o
 .text.LL_RCC_HSE_Enable
                0x08001d1c       0x1e ./Drivers/STM32WBxx_HAL_Driver/Src/stm32wbxx_hal_rcc.o
 .text.LL_RCC_HSE_Disable
                0x08001d3a       0x1e ./Drivers/STM32WBxx_HAL_Driver/Src/stm32wbxx_hal_rcc.o
 .text.LL_RCC_HSE_IsReady
                0x08001d58       0x24 ./Drivers/STM32WBxx_HAL_Driver/Src/stm32wbxx_hal_rcc.o
 .text.LL_RCC_HSI_Enable
                0x08001d7c       0x1e ./Drivers/STM32WBxx_HAL_Driver/Src/stm32wbxx_hal_rcc.o
 .text.LL_RCC_HSI_Disable
                0x08001d9a       0x1e ./Drivers/STM32WBxx_HAL_Driver/Src/stm32wbxx_hal_rcc.o
 .text.LL_RCC_HSI_IsReady
                0x08001db8       0x24 ./Drivers/STM32WBxx_HAL_Driver/Src/stm32wbxx_hal_rcc.o
 .text.LL_RCC_HSI_SetCalibTrimming
                0x08001ddc       0x2a ./Drivers/STM32WBxx_HAL_Driver/Src/stm32wbxx_hal_rcc.o
 .text.LL_RCC_HSI48_Enable
                0x08001e06       0x22 ./Drivers/STM32WBxx_HAL_Driver/Src/stm32wbxx_hal_rcc.o
 .text.LL_RCC_HSI48_Disable
                0x08001e28       0x22 ./Drivers/STM32WBxx_HAL_Driver/Src/stm32wbxx_hal_rcc.o
 .text.LL_RCC_HSI48_IsReady
                0x08001e4a       0x24 ./Drivers/STM32WBxx_HAL_Driver/Src/stm32wbxx_hal_rcc.o
 .text.LL_RCC_LSE_Enable
                0x08001e6e       0x22 ./Drivers/STM32WBxx_HAL_Driver/Src/stm32wbxx_hal_rcc.o
 .text.LL_RCC_LSE_Disable
                0x08001e90       0x22 ./Drivers/STM32WBxx_HAL_Driver/Src/stm32wbxx_hal_rcc.o
 .text.LL_RCC_LSE_EnableBypass
                0x08001eb2       0x22 ./Drivers/STM32WBxx_HAL_Driver/Src/stm32wbxx_hal_rcc.o
 .text.LL_RCC_LSE_DisableBypass
                0x08001ed4       0x22 ./Drivers/STM32WBxx_HAL_Driver/Src/stm32wbxx_hal_rcc.o
 .text.LL_RCC_LSE_IsReady
                0x08001ef6       0x24 ./Drivers/STM32WBxx_HAL_Driver/Src/stm32wbxx_hal_rcc.o
 .text.LL_RCC_LSI1_Enable
                0x08001f1a       0x22 ./Drivers/STM32WBxx_HAL_Driver/Src/stm32wbxx_hal_rcc.o
 .text.LL_RCC_LSI1_Disable
                0x08001f3c       0x22 ./Drivers/STM32WBxx_HAL_Driver/Src/stm32wbxx_hal_rcc.o
 .text.LL_RCC_LSI1_IsReady
                0x08001f5e       0x24 ./Drivers/STM32WBxx_HAL_Driver/Src/stm32wbxx_hal_rcc.o
 .text.LL_RCC_LSI2_Enable
                0x08001f82       0x22 ./Drivers/STM32WBxx_HAL_Driver/Src/stm32wbxx_hal_rcc.o
 .text.LL_RCC_LSI2_Disable
                0x08001fa4       0x22 ./Drivers/STM32WBxx_HAL_Driver/Src/stm32wbxx_hal_rcc.o
 .text.LL_RCC_LSI2_IsReady
                0x08001fc6       0x24 ./Drivers/STM32WBxx_HAL_Driver/Src/stm32wbxx_hal_rcc.o
 .text.LL_RCC_LSI2_SetTrimming
                0x08001fea       0x2e ./Drivers/STM32WBxx_HAL_Driver/Src/stm32wbxx_hal_rcc.o
 .text.LL_RCC_MSI_Enable
                0x08002018       0x1e ./Drivers/STM32WBxx_HAL_Driver/Src/stm32wbxx_hal_rcc.o
 .text.LL_RCC_MSI_Disable
                0x08002036       0x1e ./Drivers/STM32WBxx_HAL_Driver/Src/stm32wbxx_hal_rcc.o
 .text.LL_RCC_MSI_IsReady
                0x08002054       0x22 ./Drivers/STM32WBxx_HAL_Driver/Src/stm32wbxx_hal_rcc.o
 .text.LL_RCC_MSI_SetRange
                0x08002076       0x28 ./Drivers/STM32WBxx_HAL_Driver/Src/stm32wbxx_hal_rcc.o
 .text.LL_RCC_MSI_GetRange
                0x0800209e       0x2a ./Drivers/STM32WBxx_HAL_Driver/Src/stm32wbxx_hal_rcc.o
 .text.LL_RCC_MSI_SetCalibTrimming
                0x080020c8       0x2a ./Drivers/STM32WBxx_HAL_Driver/Src/stm32wbxx_hal_rcc.o
 .text.LL_RCC_SetSysClkSource
                0x080020f2       0x28 ./Drivers/STM32WBxx_HAL_Driver/Src/stm32wbxx_hal_rcc.o
 .text.LL_RCC_GetSysClkSource
                0x0800211a       0x18 ./Drivers/STM32WBxx_HAL_Driver/Src/stm32wbxx_hal_rcc.o
 .text.LL_RCC_SetAHBPrescaler
                0x08002132       0x28 ./Drivers/STM32WBxx_HAL_Driver/Src/stm32wbxx_hal_rcc.o
 .text.LL_C2_RCC_SetAHBPrescaler
                0x0800215a       0x2c ./Drivers/STM32WBxx_HAL_Driver/Src/stm32wbxx_hal_rcc.o
 .text.LL_RCC_SetAHB4Prescaler
                0x08002186       0x2e ./Drivers/STM32WBxx_HAL_Driver/Src/stm32wbxx_hal_rcc.o
 .text.LL_RCC_SetAPB1Prescaler
                0x080021b4       0x28 ./Drivers/STM32WBxx_HAL_Driver/Src/stm32wbxx_hal_rcc.o
 .text.LL_RCC_SetAPB2Prescaler
                0x080021dc       0x28 ./Drivers/STM32WBxx_HAL_Driver/Src/stm32wbxx_hal_rcc.o
 .text.LL_RCC_GetAHBPrescaler
                0x08002204       0x18 ./Drivers/STM32WBxx_HAL_Driver/Src/stm32wbxx_hal_rcc.o
 .text.LL_RCC_GetAHB4Prescaler
                0x0800221c       0x1c ./Drivers/STM32WBxx_HAL_Driver/Src/stm32wbxx_hal_rcc.o
 .text.LL_RCC_PLL_Enable
                0x08002238       0x1e ./Drivers/STM32WBxx_HAL_Driver/Src/stm32wbxx_hal_rcc.o
 .text.LL_RCC_PLL_Disable
                0x08002256       0x1e ./Drivers/STM32WBxx_HAL_Driver/Src/stm32wbxx_hal_rcc.o
 .text.LL_RCC_PLL_IsReady
                0x08002274       0x24 ./Drivers/STM32WBxx_HAL_Driver/Src/stm32wbxx_hal_rcc.o
 .text.LL_RCC_PLL_GetN
                0x08002298       0x1a ./Drivers/STM32WBxx_HAL_Driver/Src/stm32wbxx_hal_rcc.o
 .text.LL_RCC_PLL_GetR
                0x080022b2       0x18 ./Drivers/STM32WBxx_HAL_Driver/Src/stm32wbxx_hal_rcc.o
 .text.LL_RCC_PLL_GetDivider
                0x080022ca       0x18 ./Drivers/STM32WBxx_HAL_Driver/Src/stm32wbxx_hal_rcc.o
 .text.LL_RCC_PLL_GetMainSource
                0x080022e2       0x18 ./Drivers/STM32WBxx_HAL_Driver/Src/stm32wbxx_hal_rcc.o
 .text.LL_RCC_IsActiveFlag_HPRE
                0x080022fa       0x24 ./Drivers/STM32WBxx_HAL_Driver/Src/stm32wbxx_hal_rcc.o
 .text.LL_RCC_IsActiveFlag_C2HPRE
                0x0800231e       0x26 ./Drivers/STM32WBxx_HAL_Driver/Src/stm32wbxx_hal_rcc.o
 .text.LL_RCC_IsActiveFlag_SHDHPRE
                0x08002344       0x26 ./Drivers/STM32WBxx_HAL_Driver/Src/stm32wbxx_hal_rcc.o
 .text.LL_RCC_IsActiveFlag_PPRE1
                0x0800236a       0x24 ./Drivers/STM32WBxx_HAL_Driver/Src/stm32wbxx_hal_rcc.o
 .text.LL_RCC_IsActiveFlag_PPRE2
                0x0800238e       0x24 ./Drivers/STM32WBxx_HAL_Driver/Src/stm32wbxx_hal_rcc.o
 *fill*         0x080023b2        0x2 
 .text.HAL_RCC_OscConfig
                0x080023b4      0x6e8 ./Drivers/STM32WBxx_HAL_Driver/Src/stm32wbxx_hal_rcc.o
                0x080023b4                HAL_RCC_OscConfig
 .text.HAL_RCC_ClockConfig
                0x08002a9c      0x280 ./Drivers/STM32WBxx_HAL_Driver/Src/stm32wbxx_hal_rcc.o
                0x08002a9c                HAL_RCC_ClockConfig
 .text.HAL_RCC_GetSysClockFreq
                0x08002d1c       0xd8 ./Drivers/STM32WBxx_HAL_Driver/Src/stm32wbxx_hal_rcc.o
                0x08002d1c                HAL_RCC_GetSysClockFreq
 .text.HAL_RCC_GetHCLKFreq
                0x08002df4       0x28 ./Drivers/STM32WBxx_HAL_Driver/Src/stm32wbxx_hal_rcc.o
                0x08002df4                HAL_RCC_GetHCLKFreq
 .text.RCC_SetFlashLatencyFromMSIRange
                0x08002e1c       0x70 ./Drivers/STM32WBxx_HAL_Driver/Src/stm32wbxx_hal_rcc.o
 .text.RCC_SetFlashLatency
                0x08002e8c       0xf8 ./Drivers/STM32WBxx_HAL_Driver/Src/stm32wbxx_hal_rcc.o
 .text.LL_RCC_LSE_IsEnabled
                0x08002f84       0x24 ./Drivers/STM32WBxx_HAL_Driver/Src/stm32wbxx_hal_rcc_ex.o
 .text.LL_RCC_LSE_IsReady
                0x08002fa8       0x24 ./Drivers/STM32WBxx_HAL_Driver/Src/stm32wbxx_hal_rcc_ex.o
 .text.LL_RCC_SetRFWKPClockSource
                0x08002fcc       0x2c ./Drivers/STM32WBxx_HAL_Driver/Src/stm32wbxx_hal_rcc_ex.o
 .text.LL_RCC_SetSMPSClockSource
                0x08002ff8       0x28 ./Drivers/STM32WBxx_HAL_Driver/Src/stm32wbxx_hal_rcc_ex.o
 .text.LL_RCC_SetSMPSPrescaler
                0x08003020       0x28 ./Drivers/STM32WBxx_HAL_Driver/Src/stm32wbxx_hal_rcc_ex.o
 .text.LL_RCC_SetUSARTClockSource
                0x08003048       0x2c ./Drivers/STM32WBxx_HAL_Driver/Src/stm32wbxx_hal_rcc_ex.o
 .text.LL_RCC_SetLPUARTClockSource
                0x08003074       0x2c ./Drivers/STM32WBxx_HAL_Driver/Src/stm32wbxx_hal_rcc_ex.o
 .text.LL_RCC_SetI2CClockSource
                0x080030a0       0x3a ./Drivers/STM32WBxx_HAL_Driver/Src/stm32wbxx_hal_rcc_ex.o
 .text.LL_RCC_SetLPTIMClockSource
                0x080030da       0x34 ./Drivers/STM32WBxx_HAL_Driver/Src/stm32wbxx_hal_rcc_ex.o
 .text.LL_RCC_SetSAIClockSource
                0x0800310e       0x2c ./Drivers/STM32WBxx_HAL_Driver/Src/stm32wbxx_hal_rcc_ex.o
 .text.LL_RCC_SetRNGClockSource
                0x0800313a       0x2c ./Drivers/STM32WBxx_HAL_Driver/Src/stm32wbxx_hal_rcc_ex.o
 .text.LL_RCC_SetCLK48ClockSource
                0x08003166       0x2c ./Drivers/STM32WBxx_HAL_Driver/Src/stm32wbxx_hal_rcc_ex.o
 .text.LL_RCC_SetUSBClockSource
                0x08003192       0x16 ./Drivers/STM32WBxx_HAL_Driver/Src/stm32wbxx_hal_rcc_ex.o
 .text.LL_RCC_SetADCClockSource
                0x080031a8       0x2c ./Drivers/STM32WBxx_HAL_Driver/Src/stm32wbxx_hal_rcc_ex.o
 .text.LL_RCC_SetRTCClockSource
                0x080031d4       0x2c ./Drivers/STM32WBxx_HAL_Driver/Src/stm32wbxx_hal_rcc_ex.o
 .text.LL_RCC_GetRTCClockSource
                0x08003200       0x1a ./Drivers/STM32WBxx_HAL_Driver/Src/stm32wbxx_hal_rcc_ex.o
 .text.LL_RCC_ForceBackupDomainReset
                0x0800321a       0x22 ./Drivers/STM32WBxx_HAL_Driver/Src/stm32wbxx_hal_rcc_ex.o
 .text.LL_RCC_ReleaseBackupDomainReset
                0x0800323c       0x22 ./Drivers/STM32WBxx_HAL_Driver/Src/stm32wbxx_hal_rcc_ex.o
 .text.LL_RCC_PLLSAI1_Enable
                0x0800325e       0x1e ./Drivers/STM32WBxx_HAL_Driver/Src/stm32wbxx_hal_rcc_ex.o
 .text.LL_RCC_PLLSAI1_Disable
                0x0800327c       0x1e ./Drivers/STM32WBxx_HAL_Driver/Src/stm32wbxx_hal_rcc_ex.o
 .text.LL_RCC_PLLSAI1_IsReady
                0x0800329a       0x24 ./Drivers/STM32WBxx_HAL_Driver/Src/stm32wbxx_hal_rcc_ex.o
 .text.HAL_RCCEx_PeriphCLKConfig
                0x080032be      0x2ec ./Drivers/STM32WBxx_HAL_Driver/Src/stm32wbxx_hal_rcc_ex.o
                0x080032be                HAL_RCCEx_PeriphCLKConfig
 .text.RCCEx_PLLSAI1_ConfigNP
                0x080035aa       0xb6 ./Drivers/STM32WBxx_HAL_Driver/Src/stm32wbxx_hal_rcc_ex.o
 .text.RCCEx_PLLSAI1_ConfigNQ
                0x08003660       0xb6 ./Drivers/STM32WBxx_HAL_Driver/Src/stm32wbxx_hal_rcc_ex.o
 .text.RCCEx_PLLSAI1_ConfigNR
                0x08003716       0xb6 ./Drivers/STM32WBxx_HAL_Driver/Src/stm32wbxx_hal_rcc_ex.o
 .text.HAL_RTC_Init
                0x080037cc      0x110 ./Drivers/STM32WBxx_HAL_Driver/Src/stm32wbxx_hal_rtc.o
                0x080037cc                HAL_RTC_Init
 .text.HAL_RTC_WaitForSynchro
                0x080038dc       0x4c ./Drivers/STM32WBxx_HAL_Driver/Src/stm32wbxx_hal_rtc.o
                0x080038dc                HAL_RTC_WaitForSynchro
 .text.RTC_EnterInitMode
                0x08003928       0x70 ./Drivers/STM32WBxx_HAL_Driver/Src/stm32wbxx_hal_rtc.o
                0x08003928                RTC_EnterInitMode
 .text.RTC_ExitInitMode
                0x08003998       0x4c ./Drivers/STM32WBxx_HAL_Driver/Src/stm32wbxx_hal_rtc.o
                0x08003998                RTC_ExitInitMode
 .text.HAL_RTCEx_SetWakeUpTimer_IT
                0x080039e4      0x198 ./Drivers/STM32WBxx_HAL_Driver/Src/stm32wbxx_hal_rtc_ex.o
                0x080039e4                HAL_RTCEx_SetWakeUpTimer_IT
 .text.aci_gap_set_non_discoverable
                0x08003b7c       0x48 ./Middlewares/ST/STM32_WPAN/ble/core/auto/ble_gap_aci.o
                0x08003b7c                aci_gap_set_non_discoverable
 .text.aci_gap_set_discoverable
                0x08003bc4      0x1f4 ./Middlewares/ST/STM32_WPAN/ble/core/auto/ble_gap_aci.o
                0x08003bc4                aci_gap_set_discoverable
 .text.aci_gap_set_io_capability
                0x08003db8       0xa8 ./Middlewares/ST/STM32_WPAN/ble/core/auto/ble_gap_aci.o
                0x08003db8                aci_gap_set_io_capability
 .text.aci_gap_set_authentication_requirement
                0x08003e60      0x188 ./Middlewares/ST/STM32_WPAN/ble/core/auto/ble_gap_aci.o
                0x08003e60                aci_gap_set_authentication_requirement
 .text.aci_gap_pass_key_resp
                0x08003fe8       0xce ./Middlewares/ST/STM32_WPAN/ble/core/auto/ble_gap_aci.o
                0x08003fe8                aci_gap_pass_key_resp
 .text.aci_gap_init
                0x080040b6      0x15a ./Middlewares/ST/STM32_WPAN/ble/core/auto/ble_gap_aci.o
                0x080040b6                aci_gap_init
 .text.aci_gap_update_adv_data
                0x08004210       0xe4 ./Middlewares/ST/STM32_WPAN/ble/core/auto/ble_gap_aci.o
                0x08004210                aci_gap_update_adv_data
 .text.aci_gap_configure_filter_accept_list
                0x080042f4       0x48 ./Middlewares/ST/STM32_WPAN/ble/core/auto/ble_gap_aci.o
                0x080042f4                aci_gap_configure_filter_accept_list
 .text.aci_gap_numeric_comparison_value_confirm_yesno
                0x0800433c       0xce ./Middlewares/ST/STM32_WPAN/ble/core/auto/ble_gap_aci.o
                0x0800433c                aci_gap_numeric_comparison_value_confirm_yesno
 .text.aci_gatt_init
                0x0800440a       0x4a ./Middlewares/ST/STM32_WPAN/ble/core/auto/ble_gatt_aci.o
                0x0800440a                aci_gatt_init
 .text.aci_gatt_add_service
                0x08004454      0x1ac ./Middlewares/ST/STM32_WPAN/ble/core/auto/ble_gatt_aci.o
                0x08004454                aci_gatt_add_service
 .text.aci_gatt_add_char
                0x08004600      0x210 ./Middlewares/ST/STM32_WPAN/ble/core/auto/ble_gatt_aci.o
                0x08004600                aci_gatt_add_char
 .text.aci_gatt_update_char_value
                0x08004810      0x152 ./Middlewares/ST/STM32_WPAN/ble/core/auto/ble_gatt_aci.o
                0x08004810                aci_gatt_update_char_value
 .text.aci_gatt_confirm_indication
                0x08004962       0xaa ./Middlewares/ST/STM32_WPAN/ble/core/auto/ble_gatt_aci.o
                0x08004962                aci_gatt_confirm_indication
 .text.aci_hal_write_config_data
                0x08004a0c      0x10a ./Middlewares/ST/STM32_WPAN/ble/core/auto/ble_hal_aci.o
                0x08004a0c                aci_hal_write_config_data
 .text.aci_hal_set_tx_power_level
                0x08004b16       0xce ./Middlewares/ST/STM32_WPAN/ble/core/auto/ble_hal_aci.o
                0x08004b16                aci_hal_set_tx_power_level
 .text.aci_hal_set_radio_activity_mask
                0x08004be4       0xa8 ./Middlewares/ST/STM32_WPAN/ble/core/auto/ble_hal_aci.o
                0x08004be4                aci_hal_set_radio_activity_mask
 .text.hci_reset
                0x08004c8c       0x48 ./Middlewares/ST/STM32_WPAN/ble/core/auto/ble_hci_le.o
                0x08004c8c                hci_reset
 .text.hci_le_set_default_phy
                0x08004cd4       0xfa ./Middlewares/ST/STM32_WPAN/ble/core/auto/ble_hci_le.o
                0x08004cd4                hci_le_set_default_phy
 .text.Osal_MemCpy
                0x08004dce       0x20 ./Middlewares/ST/STM32_WPAN/ble/core/template/osal.o
                0x08004dce                Osal_MemCpy
 .text.Osal_MemSet
                0x08004dee       0x20 ./Middlewares/ST/STM32_WPAN/ble/core/template/osal.o
                0x08004dee                Osal_MemSet
 .text.BAS_Init
                0x08004e0e        0xe ./Middlewares/ST/STM32_WPAN/ble/svc/Src/svc_ctl.o
                0x08004e0e                BAS_Init
 .text.BLS_Init
                0x08004e1c        0xe ./Middlewares/ST/STM32_WPAN/ble/svc/Src/svc_ctl.o
                0x08004e1c                BLS_Init
 .text.CRS_STM_Init
                0x08004e2a        0xe ./Middlewares/ST/STM32_WPAN/ble/svc/Src/svc_ctl.o
                0x08004e2a                CRS_STM_Init
 .text.DIS_Init
                0x08004e38        0xe ./Middlewares/ST/STM32_WPAN/ble/svc/Src/svc_ctl.o
                0x08004e38                DIS_Init
 .text.EDS_STM_Init
                0x08004e46        0xe ./Middlewares/ST/STM32_WPAN/ble/svc/Src/svc_ctl.o
                0x08004e46                EDS_STM_Init
 .text.HIDS_Init
                0x08004e54        0xe ./Middlewares/ST/STM32_WPAN/ble/svc/Src/svc_ctl.o
                0x08004e54                HIDS_Init
 .text.HRS_Init
                0x08004e62        0xe ./Middlewares/ST/STM32_WPAN/ble/svc/Src/svc_ctl.o
                0x08004e62                HRS_Init
 .text.HTS_Init
                0x08004e70        0xe ./Middlewares/ST/STM32_WPAN/ble/svc/Src/svc_ctl.o
                0x08004e70                HTS_Init
 .text.IAS_Init
                0x08004e7e        0xe ./Middlewares/ST/STM32_WPAN/ble/svc/Src/svc_ctl.o
                0x08004e7e                IAS_Init
 .text.LLS_Init
                0x08004e8c        0xe ./Middlewares/ST/STM32_WPAN/ble/svc/Src/svc_ctl.o
                0x08004e8c                LLS_Init
 .text.TPS_Init
                0x08004e9a        0xe ./Middlewares/ST/STM32_WPAN/ble/svc/Src/svc_ctl.o
                0x08004e9a                TPS_Init
 .text.MOTENV_STM_Init
                0x08004ea8        0xe ./Middlewares/ST/STM32_WPAN/ble/svc/Src/svc_ctl.o
                0x08004ea8                MOTENV_STM_Init
 .text.P2PS_STM_Init
                0x08004eb6        0xe ./Middlewares/ST/STM32_WPAN/ble/svc/Src/svc_ctl.o
                0x08004eb6                P2PS_STM_Init
 .text.ZDD_STM_Init
                0x08004ec4        0xe ./Middlewares/ST/STM32_WPAN/ble/svc/Src/svc_ctl.o
                0x08004ec4                ZDD_STM_Init
 .text.OTAS_STM_Init
                0x08004ed2        0xe ./Middlewares/ST/STM32_WPAN/ble/svc/Src/svc_ctl.o
                0x08004ed2                OTAS_STM_Init
 .text.MESH_Init
                0x08004ee0        0xe ./Middlewares/ST/STM32_WPAN/ble/svc/Src/svc_ctl.o
                0x08004ee0                MESH_Init
 .text.BVOPUS_STM_Init
                0x08004eee        0xe ./Middlewares/ST/STM32_WPAN/ble/svc/Src/svc_ctl.o
                0x08004eee                BVOPUS_STM_Init
 .text.SVCCTL_Init
                0x08004efc       0x20 ./Middlewares/ST/STM32_WPAN/ble/svc/Src/svc_ctl.o
                0x08004efc                SVCCTL_Init
 .text.SVCCTL_SvcInit
                0x08004f1c       0x50 ./Middlewares/ST/STM32_WPAN/ble/svc/Src/svc_ctl.o
                0x08004f1c                SVCCTL_SvcInit
 .text.SVCCTL_RegisterSvcHandler
                0x08004f6c       0x34 ./Middlewares/ST/STM32_WPAN/ble/svc/Src/svc_ctl.o
                0x08004f6c                SVCCTL_RegisterSvcHandler
 .text.SVCCTL_UserEvtRx
                0x08004fa0       0xa8 ./Middlewares/ST/STM32_WPAN/ble/svc/Src/svc_ctl.o
                0x08004fa0                SVCCTL_UserEvtRx
 .text.SHCI_C2_BLE_Init
                0x08005048       0x2e ./Middlewares/ST/STM32_WPAN/interface/patterns/ble_thread/shci/shci.o
                0x08005048                SHCI_C2_BLE_Init
 .text.SHCI_C2_DEBUG_Init
                0x08005076       0x2e ./Middlewares/ST/STM32_WPAN/interface/patterns/ble_thread/shci/shci.o
                0x08005076                SHCI_C2_DEBUG_Init
 .text.SHCI_C2_Config
                0x080050a4       0x2a ./Middlewares/ST/STM32_WPAN/interface/patterns/ble_thread/shci/shci.o
                0x080050a4                SHCI_C2_Config
 *fill*         0x080050ce        0x2 
 .text.SHCI_GetWirelessFwInfo
                0x080050d0      0x15c ./Middlewares/ST/STM32_WPAN/interface/patterns/ble_thread/shci/shci.o
                0x080050d0                SHCI_GetWirelessFwInfo
 .text.hci_init
                0x0800522c       0x38 ./Middlewares/ST/STM32_WPAN/interface/patterns/ble_thread/tl/hci_tl.o
                0x0800522c                hci_init
 .text.hci_user_evt_proc
                0x08005264       0x9c ./Middlewares/ST/STM32_WPAN/interface/patterns/ble_thread/tl/hci_tl.o
                0x08005264                hci_user_evt_proc
 .text.hci_send_req
                0x08005300      0x108 ./Middlewares/ST/STM32_WPAN/interface/patterns/ble_thread/tl/hci_tl.o
                0x08005300                hci_send_req
 .text.TlInit   0x08005408       0x60 ./Middlewares/ST/STM32_WPAN/interface/patterns/ble_thread/tl/hci_tl.o
 .text.SendCmd  0x08005468       0x4c ./Middlewares/ST/STM32_WPAN/interface/patterns/ble_thread/tl/hci_tl.o
 .text.NotifyCmdStatus
                0x080054b4       0x40 ./Middlewares/ST/STM32_WPAN/interface/patterns/ble_thread/tl/hci_tl.o
 .text.TlEvtReceived
                0x080054f4       0x48 ./Middlewares/ST/STM32_WPAN/interface/patterns/ble_thread/tl/hci_tl.o
 .text.hci_register_io_bus
                0x0800553c       0x28 ./Middlewares/ST/STM32_WPAN/interface/patterns/ble_thread/tl/hci_tl_if.o
                0x0800553c                hci_register_io_bus
 .text.shci_init
                0x08005564       0x38 ./Middlewares/ST/STM32_WPAN/interface/patterns/ble_thread/tl/shci_tl.o
                0x08005564                shci_init
 .text.shci_user_evt_proc
                0x0800559c       0x9c ./Middlewares/ST/STM32_WPAN/interface/patterns/ble_thread/tl/shci_tl.o
                0x0800559c                shci_user_evt_proc
 .text.shci_send
                0x08005638       0x84 ./Middlewares/ST/STM32_WPAN/interface/patterns/ble_thread/tl/shci_tl.o
                0x08005638                shci_send
 .text.TlInit   0x080056bc       0x64 ./Middlewares/ST/STM32_WPAN/interface/patterns/ble_thread/tl/shci_tl.o
 .text.Cmd_SetStatus
                0x08005720       0x50 ./Middlewares/ST/STM32_WPAN/interface/patterns/ble_thread/tl/shci_tl.o
 .text.TlCmdEvtReceived
                0x08005770       0x16 ./Middlewares/ST/STM32_WPAN/interface/patterns/ble_thread/tl/shci_tl.o
 *fill*         0x08005786        0x2 
 .text.TlUserEvtReceived
                0x08005788       0x24 ./Middlewares/ST/STM32_WPAN/interface/patterns/ble_thread/tl/shci_tl.o
 .text.shci_register_io_bus
                0x080057ac       0x28 ./Middlewares/ST/STM32_WPAN/interface/patterns/ble_thread/tl/shci_tl_if.o
                0x080057ac                shci_register_io_bus
 .text.TL_Enable
                0x080057d4        0xc ./Middlewares/ST/STM32_WPAN/interface/patterns/ble_thread/tl/tl_mbox.o
                0x080057d4                TL_Enable
 .text.TL_Init  0x080057e0       0x74 ./Middlewares/ST/STM32_WPAN/interface/patterns/ble_thread/tl/tl_mbox.o
                0x080057e0                TL_Init
 .text.TL_BLE_Init
                0x08005854       0x68 ./Middlewares/ST/STM32_WPAN/interface/patterns/ble_thread/tl/tl_mbox.o
                0x08005854                TL_BLE_Init
 .text.TL_BLE_SendCmd
                0x080058bc       0x38 ./Middlewares/ST/STM32_WPAN/interface/patterns/ble_thread/tl/tl_mbox.o
                0x080058bc                TL_BLE_SendCmd
 .text.HW_IPCC_BLE_RxEvtNot
                0x080058f4       0x60 ./Middlewares/ST/STM32_WPAN/interface/patterns/ble_thread/tl/tl_mbox.o
                0x080058f4                HW_IPCC_BLE_RxEvtNot
 .text.HW_IPCC_BLE_AclDataAckNot
                0x08005954       0x1c ./Middlewares/ST/STM32_WPAN/interface/patterns/ble_thread/tl/tl_mbox.o
                0x08005954                HW_IPCC_BLE_AclDataAckNot
 .text.TL_SYS_Init
                0x08005970       0x54 ./Middlewares/ST/STM32_WPAN/interface/patterns/ble_thread/tl/tl_mbox.o
                0x08005970                TL_SYS_Init
 .text.TL_SYS_SendCmd
                0x080059c4       0x38 ./Middlewares/ST/STM32_WPAN/interface/patterns/ble_thread/tl/tl_mbox.o
                0x080059c4                TL_SYS_SendCmd
 .text.HW_IPCC_SYS_CmdEvtNot
                0x080059fc       0x2c ./Middlewares/ST/STM32_WPAN/interface/patterns/ble_thread/tl/tl_mbox.o
                0x080059fc                HW_IPCC_SYS_CmdEvtNot
 .text.HW_IPCC_SYS_EvtNot
                0x08005a28       0x44 ./Middlewares/ST/STM32_WPAN/interface/patterns/ble_thread/tl/tl_mbox.o
                0x08005a28                HW_IPCC_SYS_EvtNot
 .text.TL_MM_Init
                0x08005a6c       0x78 ./Middlewares/ST/STM32_WPAN/interface/patterns/ble_thread/tl/tl_mbox.o
                0x08005a6c                TL_MM_Init
 .text.TL_MM_EvtDone
                0x08005ae4       0x30 ./Middlewares/ST/STM32_WPAN/interface/patterns/ble_thread/tl/tl_mbox.o
                0x08005ae4                TL_MM_EvtDone
 .text.SendFreeBuf
                0x08005b14       0x40 ./Middlewares/ST/STM32_WPAN/interface/patterns/ble_thread/tl/tl_mbox.o
 .text.TL_TRACES_Init
                0x08005b54       0x24 ./Middlewares/ST/STM32_WPAN/interface/patterns/ble_thread/tl/tl_mbox.o
                0x08005b54                TL_TRACES_Init
 .text.HW_IPCC_TRACES_EvtNot
                0x08005b78       0x34 ./Middlewares/ST/STM32_WPAN/interface/patterns/ble_thread/tl/tl_mbox.o
                0x08005b78                HW_IPCC_TRACES_EvtNot
 .text.TL_TRACES_EvtReceived
                0x08005bac       0x14 ./Middlewares/ST/STM32_WPAN/interface/patterns/ble_thread/tl/tl_mbox.o
                0x08005bac                TL_TRACES_EvtReceived
 .text.OutputDbgTrace
                0x08005bc0       0xbc ./Middlewares/ST/STM32_WPAN/interface/patterns/ble_thread/tl/tl_mbox.o
 .text.OTP_Read
                0x08005c7c       0x50 ./Middlewares/ST/STM32_WPAN/utilities/otp.o
                0x08005c7c                OTP_Read
 .text.LST_init_head
                0x08005ccc       0x20 ./Middlewares/ST/STM32_WPAN/utilities/stm_list.o
                0x08005ccc                LST_init_head
 .text.LST_is_empty
                0x08005cec       0x44 ./Middlewares/ST/STM32_WPAN/utilities/stm_list.o
                0x08005cec                LST_is_empty
 .text.LST_insert_head
                0x08005d30       0x4c ./Middlewares/ST/STM32_WPAN/utilities/stm_list.o
                0x08005d30                LST_insert_head
 .text.LST_insert_tail
                0x08005d7c       0x4c ./Middlewares/ST/STM32_WPAN/utilities/stm_list.o
                0x08005d7c                LST_insert_tail
 .text.LST_remove_node
                0x08005dc8       0x42 ./Middlewares/ST/STM32_WPAN/utilities/stm_list.o
                0x08005dc8                LST_remove_node
 .text.LST_remove_head
                0x08005e0a       0x3e ./Middlewares/ST/STM32_WPAN/utilities/stm_list.o
                0x08005e0a                LST_remove_head
 .text.LL_FLASH_GetUDN
                0x08005e48       0x18 ./STM32_WPAN/App/app_ble.o
 .text.LL_FLASH_GetDeviceID
                0x08005e60       0x18 ./STM32_WPAN/App/app_ble.o
 .text.LL_FLASH_GetSTCompanyID
                0x08005e78       0x18 ./STM32_WPAN/App/app_ble.o
 .text.APP_BLE_Init
                0x08005e90       0xb8 ./STM32_WPAN/App/app_ble.o
                0x08005e90                APP_BLE_Init
 .text.SVCCTL_App_Notification
                0x08005f48      0x1b8 ./STM32_WPAN/App/app_ble.o
                0x08005f48                SVCCTL_App_Notification
 .text.Ble_Tl_Init
                0x08006100       0x2c ./STM32_WPAN/App/app_ble.o
 .text.Ble_Hci_Gap_Gatt_Init
                0x0800612c      0x168 ./STM32_WPAN/App/app_ble.o
 .text.Adv_Request
                0x08006294       0x60 ./STM32_WPAN/App/app_ble.o
 .text.BleGetBdAddress
                0x080062f4       0x88 ./STM32_WPAN/App/app_ble.o
 .text.Adv_Cancel
                0x0800637c       0x34 ./STM32_WPAN/App/app_ble.o
 .text.hci_notify_asynch_evt
                0x080063b0       0x18 ./STM32_WPAN/App/app_ble.o
                0x080063b0                hci_notify_asynch_evt
 .text.hci_cmd_resp_release
                0x080063c8       0x16 ./STM32_WPAN/App/app_ble.o
                0x080063c8                hci_cmd_resp_release
 .text.hci_cmd_resp_wait
                0x080063de       0x16 ./STM32_WPAN/App/app_ble.o
                0x080063de                hci_cmd_resp_wait
 .text.BLE_UserEvtRx
                0x080063f4       0x38 ./STM32_WPAN/App/app_ble.o
 .text.BLE_StatusNot
                0x0800642c       0x36 ./STM32_WPAN/App/app_ble.o
 .text.Custom_STM_App_Notification
                0x08006462       0x28 ./STM32_WPAN/App/custom_app.o
                0x08006462                Custom_STM_App_Notification
 .text.Custom_APP_Notification
                0x0800648a       0x28 ./STM32_WPAN/App/custom_app.o
                0x0800648a                Custom_APP_Notification
 .text.Custom_APP_Init
                0x080064b2        0xe ./STM32_WPAN/App/custom_app.o
                0x080064b2                Custom_APP_Init
 .text.Custom_STM_Event_Handler
                0x080064c0       0xfc ./STM32_WPAN/App/custom_stm.o
 .text.SVCCTL_InitCustomSvc
                0x080065bc       0xec ./STM32_WPAN/App/custom_stm.o
                0x080065bc                SVCCTL_InitCustomSvc
 .text.LL_PWR_EnableBootC2
                0x080066a8       0x20 ./STM32_WPAN/Target/hw_ipcc.o
 .text.LL_C2_EXTI_EnableEvent_32_63
                0x080066c8       0x28 ./STM32_WPAN/Target/hw_ipcc.o
 .text.LL_EXTI_EnableRisingTrig_32_63
                0x080066f0       0x24 ./STM32_WPAN/Target/hw_ipcc.o
 .text.LL_AHB3_GRP1_EnableClock
                0x08006714       0x32 ./STM32_WPAN/Target/hw_ipcc.o
 .text.LL_C2_AHB3_GRP1_EnableClock
                0x08006746       0x38 ./STM32_WPAN/Target/hw_ipcc.o
 .text.LL_C1_IPCC_EnableIT_TXF
                0x0800677e       0x20 ./STM32_WPAN/Target/hw_ipcc.o
 .text.LL_C1_IPCC_EnableIT_RXO
                0x0800679e       0x20 ./STM32_WPAN/Target/hw_ipcc.o
 .text.LL_C1_IPCC_EnableTransmitChannel
                0x080067be       0x26 ./STM32_WPAN/Target/hw_ipcc.o
 .text.LL_C1_IPCC_DisableTransmitChannel
                0x080067e4       0x24 ./STM32_WPAN/Target/hw_ipcc.o
 .text.LL_C1_IPCC_EnableReceiveChannel
                0x08006808       0x24 ./STM32_WPAN/Target/hw_ipcc.o
 .text.LL_C1_IPCC_ClearFlag_CHx
                0x0800682c       0x1c ./STM32_WPAN/Target/hw_ipcc.o
 .text.LL_C1_IPCC_SetFlag_CHx
                0x08006848       0x1e ./STM32_WPAN/Target/hw_ipcc.o
 .text.LL_C1_IPCC_IsActiveFlag_CHx
                0x08006866       0x2a ./STM32_WPAN/Target/hw_ipcc.o
 .text.LL_C2_IPCC_IsActiveFlag_CHx
                0x08006890       0x2a ./STM32_WPAN/Target/hw_ipcc.o
 *fill*         0x080068ba        0x2 
 .text.HW_IPCC_Rx_Handler
                0x080068bc       0x6c ./STM32_WPAN/Target/hw_ipcc.o
                0x080068bc                HW_IPCC_Rx_Handler
 .text.HW_IPCC_Tx_Handler
                0x08006928       0x6c ./STM32_WPAN/Target/hw_ipcc.o
                0x08006928                HW_IPCC_Tx_Handler
 .text.HW_IPCC_Enable
                0x08006994       0x28 ./STM32_WPAN/Target/hw_ipcc.o
                0x08006994                HW_IPCC_Enable
 .text.HW_IPCC_Init
                0x080069bc       0x2c ./STM32_WPAN/Target/hw_ipcc.o
                0x080069bc                HW_IPCC_Init
 .text.HW_IPCC_BLE_Init
                0x080069e8       0x34 ./STM32_WPAN/Target/hw_ipcc.o
                0x080069e8                HW_IPCC_BLE_Init
 .text.HW_IPCC_BLE_SendCmd
                0x08006a1c       0x14 ./STM32_WPAN/Target/hw_ipcc.o
                0x08006a1c                HW_IPCC_BLE_SendCmd
 .text.HW_IPCC_BLE_EvtHandler
                0x08006a30       0x18 ./STM32_WPAN/Target/hw_ipcc.o
 .text.HW_IPCC_BLE_AclDataEvtHandler
                0x08006a48       0x38 ./STM32_WPAN/Target/hw_ipcc.o
 .text.HW_IPCC_SYS_Init
                0x08006a80       0x34 ./STM32_WPAN/Target/hw_ipcc.o
                0x08006a80                HW_IPCC_SYS_Init
 .text.HW_IPCC_SYS_SendCmd
                0x08006ab4       0x3c ./STM32_WPAN/Target/hw_ipcc.o
                0x08006ab4                HW_IPCC_SYS_SendCmd
 .text.HW_IPCC_SYS_CmdEvtHandler
                0x08006af0       0x38 ./STM32_WPAN/Target/hw_ipcc.o
 .text.HW_IPCC_SYS_EvtHandler
                0x08006b28       0x18 ./STM32_WPAN/Target/hw_ipcc.o
 .text.HW_IPCC_MM_SendFreeBuf
                0x08006b40       0x5c ./STM32_WPAN/Target/hw_ipcc.o
                0x08006b40                HW_IPCC_MM_SendFreeBuf
 .text.HW_IPCC_MM_FreeBufHandler
                0x08006b9c       0x48 ./STM32_WPAN/Target/hw_ipcc.o
 .text.HW_IPCC_TRACES_Init
                0x08006be4       0x34 ./STM32_WPAN/Target/hw_ipcc.o
                0x08006be4                HW_IPCC_TRACES_Init
 .text.HW_IPCC_TRACES_EvtHandler
                0x08006c18       0x18 ./STM32_WPAN/Target/hw_ipcc.o
 .text.UTIL_LPM_Init
                0x08006c30       0x24 ./Utilities/lpm/tiny_lpm/stm32_lpm.o
                0x08006c30                UTIL_LPM_Init
 .text.UTIL_LPM_SetOffMode
                0x08006c54       0x60 ./Utilities/lpm/tiny_lpm/stm32_lpm.o
                0x08006c54                UTIL_LPM_SetOffMode
 .text.UTIL_SEQ_Run
                0x08006cb4      0x304 ./Utilities/sequencer/stm32_seq.o
                0x08006cb4                UTIL_SEQ_Run
 .text.UTIL_SEQ_RegTask
                0x08006fb8       0x44 ./Utilities/sequencer/stm32_seq.o
                0x08006fb8                UTIL_SEQ_RegTask
 .text.UTIL_SEQ_SetTask
                0x08006ffc       0x58 ./Utilities/sequencer/stm32_seq.o
                0x08006ffc                UTIL_SEQ_SetTask
 .text.UTIL_SEQ_PauseTask
                0x08007054       0x40 ./Utilities/sequencer/stm32_seq.o
                0x08007054                UTIL_SEQ_PauseTask
 .text.UTIL_SEQ_ResumeTask
                0x08007094       0x40 ./Utilities/sequencer/stm32_seq.o
                0x08007094                UTIL_SEQ_ResumeTask
 .text.UTIL_SEQ_SetEvt
                0x080070d4       0x40 ./Utilities/sequencer/stm32_seq.o
                0x080070d4                UTIL_SEQ_SetEvt
 .text.UTIL_SEQ_WaitEvt
                0x08007114       0x94 ./Utilities/sequencer/stm32_seq.o
                0x08007114                UTIL_SEQ_WaitEvt
 .text.UTIL_SEQ_EvtIdle
                0x080071a8       0x1c ./Utilities/sequencer/stm32_seq.o
                0x080071a8                UTIL_SEQ_EvtIdle
 .text.UTIL_SEQ_PreIdle
                0x080071c4        0xe ./Utilities/sequencer/stm32_seq.o
                0x080071c4                UTIL_SEQ_PreIdle
 .text.UTIL_SEQ_PostIdle
                0x080071d2        0xe ./Utilities/sequencer/stm32_seq.o
                0x080071d2                UTIL_SEQ_PostIdle
 .text.UTIL_SEQ_PreTask
                0x080071e0       0x14 ./Utilities/sequencer/stm32_seq.o
                0x080071e0                UTIL_SEQ_PreTask
 .text.UTIL_SEQ_PostTask
                0x080071f4       0x14 ./Utilities/sequencer/stm32_seq.o
                0x080071f4                UTIL_SEQ_PostTask
 .text.UTIL_SEQ_CatchWarning
                0x08007208       0x16 ./Utilities/sequencer/stm32_seq.o
                0x08007208                UTIL_SEQ_CatchWarning
 .text.SEQ_BitPosition
                0x0800721e       0x30 ./Utilities/sequencer/stm32_seq.o
                0x0800721e                SEQ_BitPosition
 .text.memset   0x0800724e       0x10 C:/ST/STM32CubeIDE_1.18.0/STM32CubeIDE/plugins/com.st.stm32cube.ide.mcu.externaltools.gnu-tools-for-stm32.13.3.rel1.win32_1.0.0.202411081344/tools/bin/../lib/gcc/arm-none-eabi/13.3.1/../../../../arm-none-eabi/lib/thumb/v7e-m+fp/hard\libc_nano.a(libc_a-memset.o)
                0x0800724e                memset
 *fill*         0x0800725e        0x2 
 .text.__libc_init_array
                0x08007260       0x48 C:/ST/STM32CubeIDE_1.18.0/STM32CubeIDE/plugins/com.st.stm32cube.ide.mcu.externaltools.gnu-tools-for-stm32.13.3.rel1.win32_1.0.0.202411081344/tools/bin/../lib/gcc/arm-none-eabi/13.3.1/../../../../arm-none-eabi/lib/thumb/v7e-m+fp/hard\libc_nano.a(libc_a-init.o)
                0x08007260                __libc_init_array
 .text.memcpy   0x080072a8       0x1c C:/ST/STM32CubeIDE_1.18.0/STM32CubeIDE/plugins/com.st.stm32cube.ide.mcu.externaltools.gnu-tools-for-stm32.13.3.rel1.win32_1.0.0.202411081344/tools/bin/../lib/gcc/arm-none-eabi/13.3.1/../../../../arm-none-eabi/lib/thumb/v7e-m+fp/hard\libc_nano.a(libc_a-memcpy-stub.o)
                0x080072a8                memcpy
 *(.glue_7)
 .glue_7        0x080072c4        0x0 linker stubs
 *(.glue_7t)
 .glue_7t       0x080072c4        0x0 linker stubs
 *(.eh_frame)
 .eh_frame      0x080072c4        0x0 C:/ST/STM32CubeIDE_1.18.0/STM32CubeIDE/plugins/com.st.stm32cube.ide.mcu.externaltools.gnu-tools-for-stm32.13.3.rel1.win32_1.0.0.202411081344/tools/bin/../lib/gcc/arm-none-eabi/13.3.1/thumb/v7e-m+fp/hard/crtbegin.o
 *(.init)
 .init          0x080072c4        0x4 C:/ST/STM32CubeIDE_1.18.0/STM32CubeIDE/plugins/com.st.stm32cube.ide.mcu.externaltools.gnu-tools-for-stm32.13.3.rel1.win32_1.0.0.202411081344/tools/bin/../lib/gcc/arm-none-eabi/13.3.1/thumb/v7e-m+fp/hard/crti.o
                0x080072c4                _init
 .init          0x080072c8        0x8 C:/ST/STM32CubeIDE_1.18.0/STM32CubeIDE/plugins/com.st.stm32cube.ide.mcu.externaltools.gnu-tools-for-stm32.13.3.rel1.win32_1.0.0.202411081344/tools/bin/../lib/gcc/arm-none-eabi/13.3.1/thumb/v7e-m+fp/hard/crtn.o
 *(.fini)
 .fini          0x080072d0        0x4 C:/ST/STM32CubeIDE_1.18.0/STM32CubeIDE/plugins/com.st.stm32cube.ide.mcu.externaltools.gnu-tools-for-stm32.13.3.rel1.win32_1.0.0.202411081344/tools/bin/../lib/gcc/arm-none-eabi/13.3.1/thumb/v7e-m+fp/hard/crti.o
                0x080072d0                _fini
 .fini          0x080072d4        0x8 C:/ST/STM32CubeIDE_1.18.0/STM32CubeIDE/plugins/com.st.stm32cube.ide.mcu.externaltools.gnu-tools-for-stm32.13.3.rel1.win32_1.0.0.202411081344/tools/bin/../lib/gcc/arm-none-eabi/13.3.1/thumb/v7e-m+fp/hard/crtn.o
                0x080072dc                        . = ALIGN (0x4)
                0x080072dc                        _etext = .

.vfp11_veneer   0x080072dc        0x0
 .vfp11_veneer  0x080072dc        0x0 linker stubs

.v4_bx          0x080072dc        0x0
 .v4_bx         0x080072dc        0x0 linker stubs

.iplt           0x080072dc        0x0
 .iplt          0x080072dc        0x0 C:/ST/STM32CubeIDE_1.18.0/STM32CubeIDE/plugins/com.st.stm32cube.ide.mcu.externaltools.gnu-tools-for-stm32.13.3.rel1.win32_1.0.0.202411081344/tools/bin/../lib/gcc/arm-none-eabi/13.3.1/thumb/v7e-m+fp/hard/crtbegin.o

.rodata         0x080072dc      0x268
                0x080072dc                        . = ALIGN (0x4)
 *(.rodata)
 .rodata        0x080072dc       0x1b ./Core/Src/app_debug.o
 *fill*         0x080072f7        0x1 
 .rodata        0x080072f8       0x2c ./Drivers/STM32WBxx_HAL_Driver/Src/stm32wbxx_hal_rcc.o
 .rodata        0x08007324       0x45 ./STM32_WPAN/App/app_ble.o
 *(.rodata*)
 *fill*         0x08007369        0x3 
 .rodata.aGpioConfigList
                0x0800736c      0x130 ./Core/Src/app_debug.o
 .rodata.AHBPrescTable
                0x0800749c       0x40 ./Core/Src/system_stm32wbxx.o
                0x0800749c                AHBPrescTable
 .rodata.MSIRangeTable
                0x080074dc       0x40 ./Core/Src/system_stm32wbxx.o
                0x080074dc                MSIRangeTable
 .rodata.a_MBdAddr
                0x0800751c        0x6 ./STM32_WPAN/App/app_ble.o
 *fill*         0x08007522        0x2 
 .rodata.a_BLE_CfgIrValue
                0x08007524       0x10 ./STM32_WPAN/App/app_ble.o
 .rodata.a_BLE_CfgErValue
                0x08007534       0x10 ./STM32_WPAN/App/app_ble.o
                0x08007544                        . = ALIGN (0x4)

.ARM.extab
 *(.ARM.extab* .gnu.linkonce.armextab.*)

.ARM            0x08007544        0x8
                0x08007544                        __exidx_start = .
 *(.ARM.exidx*)
 .ARM.exidx     0x08007544        0x8 C:/ST/STM32CubeIDE_1.18.0/STM32CubeIDE/plugins/com.st.stm32cube.ide.mcu.externaltools.gnu-tools-for-stm32.13.3.rel1.win32_1.0.0.202411081344/tools/bin/../lib/gcc/arm-none-eabi/13.3.1/../../../../arm-none-eabi/lib/thumb/v7e-m+fp/hard\libc_nano.a(libc_a-strlen.o)
                0x0800754c                        __exidx_end = .

.preinit_array  0x0800754c        0x0
                0x0800754c                        PROVIDE (__preinit_array_start = .)
 *(.preinit_array*)
                0x0800754c                        PROVIDE (__preinit_array_end = .)

.init_array     0x0800754c        0x4
                0x0800754c                        PROVIDE (__init_array_start = .)
 *(SORT_BY_NAME(.init_array.*))
 *(.init_array*)
 .init_array    0x0800754c        0x4 C:/ST/STM32CubeIDE_1.18.0/STM32CubeIDE/plugins/com.st.stm32cube.ide.mcu.externaltools.gnu-tools-for-stm32.13.3.rel1.win32_1.0.0.202411081344/tools/bin/../lib/gcc/arm-none-eabi/13.3.1/thumb/v7e-m+fp/hard/crtbegin.o
                0x08007550                        PROVIDE (__init_array_end = .)

.fini_array     0x08007550        0x4
                [!provide]                        PROVIDE (__fini_array_start = .)
 *(SORT_BY_NAME(.fini_array.*))
 *(.fini_array*)
 .fini_array    0x08007550        0x4 C:/ST/STM32CubeIDE_1.18.0/STM32CubeIDE/plugins/com.st.stm32cube.ide.mcu.externaltools.gnu-tools-for-stm32.13.3.rel1.win32_1.0.0.202411081344/tools/bin/../lib/gcc/arm-none-eabi/13.3.1/thumb/v7e-m+fp/hard/crtbegin.o
                [!provide]                        PROVIDE (__fini_array_end = .)
                0x08007554                        _sidata = LOADADDR (.data)

.rel.dyn        0x08007554        0x0
 .rel.iplt      0x08007554        0x0 C:/ST/STM32CubeIDE_1.18.0/STM32CubeIDE/plugins/com.st.stm32cube.ide.mcu.externaltools.gnu-tools-for-stm32.13.3.rel1.win32_1.0.0.202411081344/tools/bin/../lib/gcc/arm-none-eabi/13.3.1/thumb/v7e-m+fp/hard/crtbegin.o

.data           0x20000008       0x20 load address 0x08007554
                0x20000008                        . = ALIGN (0x4)
                0x20000008                        _sdata = .
 *(.data)
 *(.data*)
 .data.SystemCoreClock
                0x20000008        0x4 ./Core/Src/system_stm32wbxx.o
                0x20000008                SystemCoreClock
 .data.uwTickPrio
                0x2000000c        0x4 ./Drivers/STM32WBxx_HAL_Driver/Src/stm32wbxx_hal.o
                0x2000000c                uwTickPrio
 .data.uwTickFreq
                0x20000010        0x1 ./Drivers/STM32WBxx_HAL_Driver/Src/stm32wbxx_hal.o
                0x20000010                uwTickFreq
 *fill*         0x20000011        0x3 
 .data.a_AdvData
                0x20000014        0x9 ./STM32_WPAN/App/app_ble.o
                0x20000014                a_AdvData
 *fill*         0x2000001d        0x1 
 .data.SizeCharwrite
                0x2000001e        0x2 ./STM32_WPAN/App/custom_stm.o
                0x2000001e                SizeCharwrite
 .data.TaskMask
                0x20000020        0x4 ./Utilities/sequencer/stm32_seq.o
 .data.SuperMask
                0x20000024        0x4 ./Utilities/sequencer/stm32_seq.o
 *(.RamFunc)
 *(.RamFunc*)
                0x20000028                        . = ALIGN (0x4)
                0x20000028                        _edata = .

.igot.plt       0x20000028        0x0 load address 0x08007574
 .igot.plt      0x20000028        0x0 C:/ST/STM32CubeIDE_1.18.0/STM32CubeIDE/plugins/com.st.stm32cube.ide.mcu.externaltools.gnu-tools-for-stm32.13.3.rel1.win32_1.0.0.202411081344/tools/bin/../lib/gcc/arm-none-eabi/13.3.1/thumb/v7e-m+fp/hard/crtbegin.o

BLE_DRIVER_CONTEXT
                0x20000028       0x35 load address 0x08007574
 BLE_DRIVER_CONTEXT
                0x20000028       0x21 ./Middlewares/ST/STM32_WPAN/ble/svc/Src/svc_ctl.o
                0x20000028                SVCCTL_EvtHandler
                0x20000048                SVCCTL_CltHandler
 *fill*         0x20000049        0x3 
 BLE_DRIVER_CONTEXT
                0x2000004c       0x11 ./Middlewares/ST/STM32_WPAN/interface/patterns/ble_thread/tl/hci_tl.o
                0x2000005c                UserEventFlow

SYSTEM_DRIVER_CONTEXT
                0x20000060       0x11 load address 0x080075a9
 SYSTEM_DRIVER_CONTEXT
                0x20000060       0x11 ./Middlewares/ST/STM32_WPAN/interface/patterns/ble_thread/tl/shci_tl.o
                0x20000070                SHCI_TL_UserEventFlow
                0x20000074                        . = ALIGN (0x4)

.bss            0x20000074      0x2d0 load address 0x080075ba
                0x20000074                        _sbss = .
                0x20000074                        __bss_start__ = _sbss
 *(.bss)
 .bss           0x20000074       0x1c C:/ST/STM32CubeIDE_1.18.0/STM32CubeIDE/plugins/com.st.stm32cube.ide.mcu.externaltools.gnu-tools-for-stm32.13.3.rel1.win32_1.0.0.202411081344/tools/bin/../lib/gcc/arm-none-eabi/13.3.1/thumb/v7e-m+fp/hard/crtbegin.o
 *(.bss*)
 .bss.aTimerContext
                0x20000090       0x90 ./Core/Src/hw_timerserver.o
 .bss.CurrentRunningTimerID
                0x20000120        0x1 ./Core/Src/hw_timerserver.o
 .bss.PreviousRunningTimerID
                0x20000121        0x1 ./Core/Src/hw_timerserver.o
 *fill*         0x20000122        0x2 
 .bss.SSRValueOnLastSetup
                0x20000124        0x4 ./Core/Src/hw_timerserver.o
 .bss.WakeupTimerLimitation
                0x20000128        0x1 ./Core/Src/hw_timerserver.o
 .bss.WakeupTimerDivider
                0x20000129        0x1 ./Core/Src/hw_timerserver.o
 .bss.AsynchPrescalerUserConfig
                0x2000012a        0x1 ./Core/Src/hw_timerserver.o
 *fill*         0x2000012b        0x1 
 .bss.SynchPrescalerUserConfig
                0x2000012c        0x2 ./Core/Src/hw_timerserver.o
 .bss.MaxWakeupTimerSetup
                0x2000012e        0x2 ./Core/Src/hw_timerserver.o
 .bss.hipcc     0x20000130       0x3c ./Core/Src/main.o
                0x20000130                hipcc
 .bss.hrtc      0x2000016c       0x24 ./Core/Src/main.o
                0x2000016c                hrtc
 .bss.uwTick    0x20000190        0x4 ./Drivers/STM32WBxx_HAL_Driver/Src/stm32wbxx_hal.o
                0x20000190                uwTick
 .bss.hciContext
                0x20000194       0x20 ./Middlewares/ST/STM32_WPAN/interface/patterns/ble_thread/tl/hci_tl.o
 .bss.HciCmdEventQueue
                0x200001b4        0x8 ./Middlewares/ST/STM32_WPAN/interface/patterns/ble_thread/tl/hci_tl.o
 .bss.StatusNotCallBackFunction
                0x200001bc        0x4 ./Middlewares/ST/STM32_WPAN/interface/patterns/ble_thread/tl/hci_tl.o
 .bss.CmdRspStatusFlag
                0x200001c0        0x1 ./Middlewares/ST/STM32_WPAN/interface/patterns/ble_thread/tl/hci_tl.o
 *fill*         0x200001c1        0x3 
 .bss.shciContext
                0x200001c4       0x20 ./Middlewares/ST/STM32_WPAN/interface/patterns/ble_thread/tl/shci_tl.o
 .bss.StatusNotCallBackFunction
                0x200001e4        0x4 ./Middlewares/ST/STM32_WPAN/interface/patterns/ble_thread/tl/shci_tl.o
 .bss.CmdRspStatusFlag
                0x200001e8        0x1 ./Middlewares/ST/STM32_WPAN/interface/patterns/ble_thread/tl/shci_tl.o
 *fill*         0x200001e9        0x3 
 .bss.LocalFreeBufQueue
                0x200001ec        0x8 ./Middlewares/ST/STM32_WPAN/interface/patterns/ble_thread/tl/tl_mbox.o
 .bss.BLE_IoBusEvtCallBackFunction
                0x200001f4        0x4 ./Middlewares/ST/STM32_WPAN/interface/patterns/ble_thread/tl/tl_mbox.o
 .bss.BLE_IoBusAclDataTxAck
                0x200001f8        0x4 ./Middlewares/ST/STM32_WPAN/interface/patterns/ble_thread/tl/tl_mbox.o
 .bss.SYS_CMD_IoBusCallBackFunction
                0x200001fc        0x4 ./Middlewares/ST/STM32_WPAN/interface/patterns/ble_thread/tl/tl_mbox.o
 .bss.SYS_EVT_IoBusCallBackFunction
                0x20000200        0x4 ./Middlewares/ST/STM32_WPAN/interface/patterns/ble_thread/tl/tl_mbox.o
 .bss.p_mem_manager_table.0
                0x20000204        0x4 ./Middlewares/ST/STM32_WPAN/interface/patterns/ble_thread/tl/tl_mbox.o
 .bss.a_BdAddrUdn
                0x20000208        0x6 ./STM32_WPAN/App/app_ble.o
 *fill*         0x2000020e        0x2 
 .bss.BleApplicationContext
                0x20000210       0x84 ./STM32_WPAN/App/app_ble.o
 .bss.HandleNotification
                0x20000294        0x4 ./STM32_WPAN/App/app_ble.o
                0x20000294                HandleNotification
 .bss.CustomContext
                0x20000298        0x4 ./STM32_WPAN/App/custom_stm.o
 .bss.FreeBufCb
                0x2000029c        0x4 ./STM32_WPAN/Target/hw_ipcc.o
 .bss.StopModeDisable
                0x200002a0        0x4 ./Utilities/lpm/tiny_lpm/stm32_lpm.o
 .bss.OffModeDisable
                0x200002a4        0x4 ./Utilities/lpm/tiny_lpm/stm32_lpm.o
 .bss.TaskSet   0x200002a8        0x4 ./Utilities/sequencer/stm32_seq.o
 .bss.EvtSet    0x200002ac        0x4 ./Utilities/sequencer/stm32_seq.o
 .bss.EvtWaited
                0x200002b0        0x4 ./Utilities/sequencer/stm32_seq.o
 .bss.CurrentTaskIdx
                0x200002b4        0x4 ./Utilities/sequencer/stm32_seq.o
 .bss.TaskCb    0x200002b8       0x80 ./Utilities/sequencer/stm32_seq.o
 .bss.TaskPrio  0x20000338        0x8 ./Utilities/sequencer/stm32_seq.o
 .bss.TaskClearList
                0x20000340        0x4 ./Utilities/sequencer/stm32_seq.o
 *(COMMON)
                0x20000344                        . = ALIGN (0x4)
                0x20000344                        _ebss = .
                0x20000344                        __bss_end__ = _ebss

._user_heap_stack
                0x20000344      0x604 load address 0x080075ba
                0x20000348                        . = ALIGN (0x8)
 *fill*         0x20000344        0x4 
                [!provide]                        PROVIDE (end = .)
                0x20000348                        PROVIDE (_end = .)
                0x20000548                        . = (. + _Min_Heap_Size)
 *fill*         0x20000348      0x200 
                0x20000948                        . = (. + _Min_Stack_Size)
 *fill*         0x20000548      0x400 
                0x20000948                        . = ALIGN (0x8)

/DISCARD/
 libc.a(*)
 libm.a(*)
 libgcc.a(*)

.ARM.attributes
                0x00000000       0x30
 *(.ARM.attributes)
 .ARM.attributes
                0x00000000       0x22 C:/ST/STM32CubeIDE_1.18.0/STM32CubeIDE/plugins/com.st.stm32cube.ide.mcu.externaltools.gnu-tools-for-stm32.13.3.rel1.win32_1.0.0.202411081344/tools/bin/../lib/gcc/arm-none-eabi/13.3.1/thumb/v7e-m+fp/hard/crti.o
 .ARM.attributes
                0x00000022       0x34 C:/ST/STM32CubeIDE_1.18.0/STM32CubeIDE/plugins/com.st.stm32cube.ide.mcu.externaltools.gnu-tools-for-stm32.13.3.rel1.win32_1.0.0.202411081344/tools/bin/../lib/gcc/arm-none-eabi/13.3.1/thumb/v7e-m+fp/hard/crtbegin.o
 .ARM.attributes
                0x00000056       0x34 ./Core/Src/app_debug.o
 .ARM.attributes
                0x0000008a       0x34 ./Core/Src/app_entry.o
 .ARM.attributes
                0x000000be       0x34 ./Core/Src/hw_timerserver.o
 .ARM.attributes
                0x000000f2       0x34 ./Core/Src/main.o
 .ARM.attributes
                0x00000126       0x34 ./Core/Src/stm32wbxx_hal_msp.o
 .ARM.attributes
                0x0000015a       0x34 ./Core/Src/stm32wbxx_it.o
 .ARM.attributes
                0x0000018e       0x34 ./Core/Src/system_stm32wbxx.o
 .ARM.attributes
                0x000001c2       0x21 ./Core/Startup/startup_stm32wb55cgux.o
 .ARM.attributes
                0x000001e3       0x34 ./Drivers/STM32WBxx_HAL_Driver/Src/stm32wbxx_hal.o
 .ARM.attributes
                0x00000217       0x34 ./Drivers/STM32WBxx_HAL_Driver/Src/stm32wbxx_hal_cortex.o
 .ARM.attributes
                0x0000024b       0x34 ./Drivers/STM32WBxx_HAL_Driver/Src/stm32wbxx_hal_hsem.o
 .ARM.attributes
                0x0000027f       0x34 ./Drivers/STM32WBxx_HAL_Driver/Src/stm32wbxx_hal_ipcc.o
 .ARM.attributes
                0x000002b3       0x34 ./Drivers/STM32WBxx_HAL_Driver/Src/stm32wbxx_hal_pwr.o
 .ARM.attributes
                0x000002e7       0x34 ./Drivers/STM32WBxx_HAL_Driver/Src/stm32wbxx_hal_pwr_ex.o
 .ARM.attributes
                0x0000031b       0x34 ./Drivers/STM32WBxx_HAL_Driver/Src/stm32wbxx_hal_rcc.o
 .ARM.attributes
                0x0000034f       0x34 ./Drivers/STM32WBxx_HAL_Driver/Src/stm32wbxx_hal_rcc_ex.o
 .ARM.attributes
                0x00000383       0x34 ./Drivers/STM32WBxx_HAL_Driver/Src/stm32wbxx_hal_rtc.o
 .ARM.attributes
                0x000003b7       0x34 ./Drivers/STM32WBxx_HAL_Driver/Src/stm32wbxx_hal_rtc_ex.o
 .ARM.attributes
                0x000003eb       0x34 ./Middlewares/ST/STM32_WPAN/ble/core/auto/ble_gap_aci.o
 .ARM.attributes
                0x0000041f       0x34 ./Middlewares/ST/STM32_WPAN/ble/core/auto/ble_gatt_aci.o
 .ARM.attributes
                0x00000453       0x34 ./Middlewares/ST/STM32_WPAN/ble/core/auto/ble_hal_aci.o
 .ARM.attributes
                0x00000487       0x34 ./Middlewares/ST/STM32_WPAN/ble/core/auto/ble_hci_le.o
 .ARM.attributes
                0x000004bb       0x34 ./Middlewares/ST/STM32_WPAN/ble/core/template/osal.o
 .ARM.attributes
                0x000004ef       0x34 ./Middlewares/ST/STM32_WPAN/ble/svc/Src/svc_ctl.o
 .ARM.attributes
                0x00000523       0x34 ./Middlewares/ST/STM32_WPAN/interface/patterns/ble_thread/shci/shci.o
 .ARM.attributes
                0x00000557       0x34 ./Middlewares/ST/STM32_WPAN/interface/patterns/ble_thread/tl/hci_tl.o
 .ARM.attributes
                0x0000058b       0x34 ./Middlewares/ST/STM32_WPAN/interface/patterns/ble_thread/tl/hci_tl_if.o
 .ARM.attributes
                0x000005bf       0x34 ./Middlewares/ST/STM32_WPAN/interface/patterns/ble_thread/tl/shci_tl.o
 .ARM.attributes
                0x000005f3       0x34 ./Middlewares/ST/STM32_WPAN/interface/patterns/ble_thread/tl/shci_tl_if.o
 .ARM.attributes
                0x00000627       0x34 ./Middlewares/ST/STM32_WPAN/interface/patterns/ble_thread/tl/tl_mbox.o
 .ARM.attributes
                0x0000065b       0x34 ./Middlewares/ST/STM32_WPAN/utilities/otp.o
 .ARM.attributes
                0x0000068f       0x34 ./Middlewares/ST/STM32_WPAN/utilities/stm_list.o
 .ARM.attributes
                0x000006c3       0x34 ./STM32_WPAN/App/app_ble.o
 .ARM.attributes
                0x000006f7       0x34 ./STM32_WPAN/App/custom_app.o
 .ARM.attributes
                0x0000072b       0x34 ./STM32_WPAN/App/custom_stm.o
 .ARM.attributes
                0x0000075f       0x34 ./STM32_WPAN/Target/hw_ipcc.o
 .ARM.attributes
                0x00000793       0x34 ./Utilities/lpm/tiny_lpm/stm32_lpm.o
 .ARM.attributes
                0x000007c7       0x34 ./Utilities/sequencer/stm32_seq.o
 .ARM.attributes
                0x000007fb       0x34 C:/ST/STM32CubeIDE_1.18.0/STM32CubeIDE/plugins/com.st.stm32cube.ide.mcu.externaltools.gnu-tools-for-stm32.13.3.rel1.win32_1.0.0.202411081344/tools/bin/../lib/gcc/arm-none-eabi/13.3.1/../../../../arm-none-eabi/lib/thumb/v7e-m+fp/hard\libc_nano.a(libc_a-memset.o)
 .ARM.attributes
                0x0000082f       0x34 C:/ST/STM32CubeIDE_1.18.0/STM32CubeIDE/plugins/com.st.stm32cube.ide.mcu.externaltools.gnu-tools-for-stm32.13.3.rel1.win32_1.0.0.202411081344/tools/bin/../lib/gcc/arm-none-eabi/13.3.1/../../../../arm-none-eabi/lib/thumb/v7e-m+fp/hard\libc_nano.a(libc_a-init.o)
 .ARM.attributes
                0x00000863       0x34 C:/ST/STM32CubeIDE_1.18.0/STM32CubeIDE/plugins/com.st.stm32cube.ide.mcu.externaltools.gnu-tools-for-stm32.13.3.rel1.win32_1.0.0.202411081344/tools/bin/../lib/gcc/arm-none-eabi/13.3.1/../../../../arm-none-eabi/lib/thumb/v7e-m+fp/hard\libc_nano.a(libc_a-memcpy-stub.o)
 .ARM.attributes
                0x00000897       0x17 C:/ST/STM32CubeIDE_1.18.0/STM32CubeIDE/plugins/com.st.stm32cube.ide.mcu.externaltools.gnu-tools-for-stm32.13.3.rel1.win32_1.0.0.202411081344/tools/bin/../lib/gcc/arm-none-eabi/13.3.1/../../../../arm-none-eabi/lib/thumb/v7e-m+fp/hard\libc_nano.a(libc_a-strlen.o)
 .ARM.attributes
                0x000008ae       0x22 C:/ST/STM32CubeIDE_1.18.0/STM32CubeIDE/plugins/com.st.stm32cube.ide.mcu.externaltools.gnu-tools-for-stm32.13.3.rel1.win32_1.0.0.202411081344/tools/bin/../lib/gcc/arm-none-eabi/13.3.1/thumb/v7e-m+fp/hard/crtn.o

MAPPING_TABLE   0x20030000       0x28
 *(MAPPING_TABLE)
 MAPPING_TABLE  0x20030000       0x28 ./Middlewares/ST/STM32_WPAN/interface/patterns/ble_thread/tl/tl_mbox.o

MB_MEM1         0x20030028      0x1bb
 *(MB_MEM1)
 MB_MEM1        0x20030028       0xb0 ./Middlewares/ST/STM32_WPAN/interface/patterns/ble_thread/tl/tl_mbox.o
 MB_MEM1        0x200300d8      0x10b ./STM32_WPAN/App/app_ble.o
                0x080075ba                        _siMB_MEM2 = LOADADDR (.MB_MEM2)

.MB_MEM2        0x200301e4      0x883 load address 0x080075ba
                0x200301e4                        _sMB_MEM2 = .
 *(MB_MEM2)
 MB_MEM2        0x200301e4       0x12 ./Core/Src/app_debug.o
 *fill*         0x200301f6        0x2 
 MB_MEM2        0x200301f8      0x85e ./Core/Src/app_entry.o
 *fill*         0x20030a56        0x2 
 MB_MEM2        0x20030a58        0xf ./Middlewares/ST/STM32_WPAN/interface/patterns/ble_thread/tl/tl_mbox.o
                0x20030a67                        _eMB_MEM2 = .
OUTPUT(RT_Monitor.elf elf32-littlearm)
LOAD linker stubs
LOAD C:/ST/STM32CubeIDE_1.18.0/STM32CubeIDE/plugins/com.st.stm32cube.ide.mcu.externaltools.gnu-tools-for-stm32.13.3.rel1.win32_1.0.0.202411081344/tools/bin/../lib/gcc/arm-none-eabi/13.3.1/../../../../arm-none-eabi/lib/thumb/v7e-m+fp/hard\libc.a
LOAD C:/ST/STM32CubeIDE_1.18.0/STM32CubeIDE/plugins/com.st.stm32cube.ide.mcu.externaltools.gnu-tools-for-stm32.13.3.rel1.win32_1.0.0.202411081344/tools/bin/../lib/gcc/arm-none-eabi/13.3.1/../../../../arm-none-eabi/lib/thumb/v7e-m+fp/hard\libm.a
LOAD C:/ST/STM32CubeIDE_1.18.0/STM32CubeIDE/plugins/com.st.stm32cube.ide.mcu.externaltools.gnu-tools-for-stm32.13.3.rel1.win32_1.0.0.202411081344/tools/bin/../lib/gcc/arm-none-eabi/13.3.1/thumb/v7e-m+fp/hard\libgcc.a

.debug_info     0x00000000    0x23116
 .debug_info    0x00000000      0xb56 ./Core/Src/app_debug.o
 .debug_info    0x00000b56     0x1bbb ./Core/Src/app_entry.o
 .debug_info    0x00002711     0x11a8 ./Core/Src/hw_timerserver.o
 .debug_info    0x000038b9      0xfc8 ./Core/Src/main.o
 .debug_info    0x00004881      0xdf3 ./Core/Src/stm32wbxx_hal_msp.o
 .debug_info    0x00005674      0x178 ./Core/Src/stm32wbxx_it.o
 .debug_info    0x000057ec      0x703 ./Core/Src/system_stm32wbxx.o
 .debug_info    0x00005eef       0x30 ./Core/Startup/startup_stm32wb55cgux.o
 .debug_info    0x00005f1f     0x12ae ./Drivers/STM32WBxx_HAL_Driver/Src/stm32wbxx_hal.o
 .debug_info    0x000071cd      0xccd ./Drivers/STM32WBxx_HAL_Driver/Src/stm32wbxx_hal_cortex.o
 .debug_info    0x00007e9a      0x3bc ./Drivers/STM32WBxx_HAL_Driver/Src/stm32wbxx_hal_hsem.o
 .debug_info    0x00008256      0x7a3 ./Drivers/STM32WBxx_HAL_Driver/Src/stm32wbxx_hal_ipcc.o
 .debug_info    0x000089f9      0x904 ./Drivers/STM32WBxx_HAL_Driver/Src/stm32wbxx_hal_pwr.o
 .debug_info    0x000092fd     0x105d ./Drivers/STM32WBxx_HAL_Driver/Src/stm32wbxx_hal_pwr_ex.o
 .debug_info    0x0000a35a     0x14d1 ./Drivers/STM32WBxx_HAL_Driver/Src/stm32wbxx_hal_rcc.o
 .debug_info    0x0000b82b     0x1c40 ./Drivers/STM32WBxx_HAL_Driver/Src/stm32wbxx_hal_rcc_ex.o
 .debug_info    0x0000d46b      0xd28 ./Drivers/STM32WBxx_HAL_Driver/Src/stm32wbxx_hal_rtc.o
 .debug_info    0x0000e193     0x1014 ./Drivers/STM32WBxx_HAL_Driver/Src/stm32wbxx_hal_rtc_ex.o
 .debug_info    0x0000f1a7     0x36f0 ./Middlewares/ST/STM32_WPAN/ble/core/auto/ble_gap_aci.o
 .debug_info    0x00012897     0x30a5 ./Middlewares/ST/STM32_WPAN/ble/core/auto/ble_gatt_aci.o
 .debug_info    0x0001593c     0x10dc ./Middlewares/ST/STM32_WPAN/ble/core/auto/ble_hal_aci.o
 .debug_info    0x00016a18     0x3ef7 ./Middlewares/ST/STM32_WPAN/ble/core/auto/ble_hci_le.o
 .debug_info    0x0001a90f      0x1b8 ./Middlewares/ST/STM32_WPAN/ble/core/template/osal.o
 .debug_info    0x0001aac7      0x482 ./Middlewares/ST/STM32_WPAN/ble/svc/Src/svc_ctl.o
 .debug_info    0x0001af49     0x1a09 ./Middlewares/ST/STM32_WPAN/interface/patterns/ble_thread/shci/shci.o
 .debug_info    0x0001c952      0x972 ./Middlewares/ST/STM32_WPAN/interface/patterns/ble_thread/tl/hci_tl.o
 .debug_info    0x0001d2c4      0x1e0 ./Middlewares/ST/STM32_WPAN/interface/patterns/ble_thread/tl/hci_tl_if.o
 .debug_info    0x0001d4a4      0x7d8 ./Middlewares/ST/STM32_WPAN/interface/patterns/ble_thread/tl/shci_tl.o
 .debug_info    0x0001dc7c      0x1e0 ./Middlewares/ST/STM32_WPAN/interface/patterns/ble_thread/tl/shci_tl_if.o
 .debug_info    0x0001de5c      0xdc4 ./Middlewares/ST/STM32_WPAN/interface/patterns/ble_thread/tl/tl_mbox.o
 .debug_info    0x0001ec20       0xd5 ./Middlewares/ST/STM32_WPAN/utilities/otp.o
 .debug_info    0x0001ecf5      0x6d5 ./Middlewares/ST/STM32_WPAN/utilities/stm_list.o
 .debug_info    0x0001f3ca     0x1381 ./STM32_WPAN/App/app_ble.o
 .debug_info    0x0002074b      0x2b2 ./STM32_WPAN/App/custom_app.o
 .debug_info    0x000209fd      0x740 ./STM32_WPAN/App/custom_stm.o
 .debug_info    0x0002113d     0x10bc ./STM32_WPAN/Target/hw_ipcc.o
 .debug_info    0x000221f9      0x3da ./Utilities/lpm/tiny_lpm/stm32_lpm.o
 .debug_info    0x000225d3      0xb43 ./Utilities/sequencer/stm32_seq.o

.debug_abbrev   0x00000000     0x4fd8
 .debug_abbrev  0x00000000      0x255 ./Core/Src/app_debug.o
 .debug_abbrev  0x00000255      0x3ac ./Core/Src/app_entry.o
 .debug_abbrev  0x00000601      0x33a ./Core/Src/hw_timerserver.o
 .debug_abbrev  0x0000093b      0x2b5 ./Core/Src/main.o
 .debug_abbrev  0x00000bf0      0x234 ./Core/Src/stm32wbxx_hal_msp.o
 .debug_abbrev  0x00000e24       0x88 ./Core/Src/stm32wbxx_it.o
 .debug_abbrev  0x00000eac      0x13b ./Core/Src/system_stm32wbxx.o
 .debug_abbrev  0x00000fe7       0x24 ./Core/Startup/startup_stm32wb55cgux.o
 .debug_abbrev  0x0000100b      0x367 ./Drivers/STM32WBxx_HAL_Driver/Src/stm32wbxx_hal.o
 .debug_abbrev  0x00001372      0x319 ./Drivers/STM32WBxx_HAL_Driver/Src/stm32wbxx_hal_cortex.o
 .debug_abbrev  0x0000168b      0x1e4 ./Drivers/STM32WBxx_HAL_Driver/Src/stm32wbxx_hal_hsem.o
 .debug_abbrev  0x0000186f      0x252 ./Drivers/STM32WBxx_HAL_Driver/Src/stm32wbxx_hal_ipcc.o
 .debug_abbrev  0x00001ac1      0x205 ./Drivers/STM32WBxx_HAL_Driver/Src/stm32wbxx_hal_pwr.o
 .debug_abbrev  0x00001cc6      0x31c ./Drivers/STM32WBxx_HAL_Driver/Src/stm32wbxx_hal_pwr_ex.o
 .debug_abbrev  0x00001fe2      0x31b ./Drivers/STM32WBxx_HAL_Driver/Src/stm32wbxx_hal_rcc.o
 .debug_abbrev  0x000022fd      0x35a ./Drivers/STM32WBxx_HAL_Driver/Src/stm32wbxx_hal_rcc_ex.o
 .debug_abbrev  0x00002657      0x1f0 ./Drivers/STM32WBxx_HAL_Driver/Src/stm32wbxx_hal_rtc.o
 .debug_abbrev  0x00002847      0x237 ./Drivers/STM32WBxx_HAL_Driver/Src/stm32wbxx_hal_rtc_ex.o
 .debug_abbrev  0x00002a7e      0x1c7 ./Middlewares/ST/STM32_WPAN/ble/core/auto/ble_gap_aci.o
 .debug_abbrev  0x00002c45      0x205 ./Middlewares/ST/STM32_WPAN/ble/core/auto/ble_gatt_aci.o
 .debug_abbrev  0x00002e4a      0x1c3 ./Middlewares/ST/STM32_WPAN/ble/core/auto/ble_hal_aci.o
 .debug_abbrev  0x0000300d      0x1d1 ./Middlewares/ST/STM32_WPAN/ble/core/auto/ble_hci_le.o
 .debug_abbrev  0x000031de       0xcc ./Middlewares/ST/STM32_WPAN/ble/core/template/osal.o
 .debug_abbrev  0x000032aa      0x1c5 ./Middlewares/ST/STM32_WPAN/ble/svc/Src/svc_ctl.o
 .debug_abbrev  0x0000346f      0x1d7 ./Middlewares/ST/STM32_WPAN/interface/patterns/ble_thread/shci/shci.o
 .debug_abbrev  0x00003646      0x262 ./Middlewares/ST/STM32_WPAN/interface/patterns/ble_thread/tl/hci_tl.o
 .debug_abbrev  0x000038a8       0xce ./Middlewares/ST/STM32_WPAN/interface/patterns/ble_thread/tl/hci_tl_if.o
 .debug_abbrev  0x00003976      0x202 ./Middlewares/ST/STM32_WPAN/interface/patterns/ble_thread/tl/shci_tl.o
 .debug_abbrev  0x00003b78       0xce ./Middlewares/ST/STM32_WPAN/interface/patterns/ble_thread/tl/shci_tl_if.o
 .debug_abbrev  0x00003c46      0x27a ./Middlewares/ST/STM32_WPAN/interface/patterns/ble_thread/tl/tl_mbox.o
 .debug_abbrev  0x00003ec0       0x83 ./Middlewares/ST/STM32_WPAN/utilities/otp.o
 .debug_abbrev  0x00003f43      0x189 ./Middlewares/ST/STM32_WPAN/utilities/stm_list.o
 .debug_abbrev  0x000040cc      0x33b ./STM32_WPAN/App/app_ble.o
 .debug_abbrev  0x00004407      0x117 ./STM32_WPAN/App/custom_app.o
 .debug_abbrev  0x0000451e      0x2a0 ./STM32_WPAN/App/custom_stm.o
 .debug_abbrev  0x000047be      0x385 ./STM32_WPAN/Target/hw_ipcc.o
 .debug_abbrev  0x00004b43      0x1f4 ./Utilities/lpm/tiny_lpm/stm32_lpm.o
 .debug_abbrev  0x00004d37      0x2a1 ./Utilities/sequencer/stm32_seq.o

.debug_aranges  0x00000000     0x2250
 .debug_aranges
                0x00000000       0x50 ./Core/Src/app_debug.o
 .debug_aranges
                0x00000050      0x108 ./Core/Src/app_entry.o
 .debug_aranges
                0x00000158       0xa8 ./Core/Src/hw_timerserver.o
 .debug_aranges
                0x00000200       0x60 ./Core/Src/main.o
 .debug_aranges
                0x00000260       0x70 ./Core/Src/stm32wbxx_hal_msp.o
 .debug_aranges
                0x000002d0       0x80 ./Core/Src/stm32wbxx_it.o
 .debug_aranges
                0x00000350       0x28 ./Core/Src/system_stm32wbxx.o
 .debug_aranges
                0x00000378       0x30 ./Core/Startup/startup_stm32wb55cgux.o
 .debug_aranges
                0x000003a8      0x280 ./Drivers/STM32WBxx_HAL_Driver/Src/stm32wbxx_hal.o
 .debug_aranges
                0x00000628      0x118 ./Drivers/STM32WBxx_HAL_Driver/Src/stm32wbxx_hal_cortex.o
 .debug_aranges
                0x00000740       0x70 ./Drivers/STM32WBxx_HAL_Driver/Src/stm32wbxx_hal_hsem.o
 .debug_aranges
                0x000007b0       0xa0 ./Drivers/STM32WBxx_HAL_Driver/Src/stm32wbxx_hal_ipcc.o
 .debug_aranges
                0x00000850       0xd0 ./Drivers/STM32WBxx_HAL_Driver/Src/stm32wbxx_hal_pwr.o
 .debug_aranges
                0x00000920      0x288 ./Drivers/STM32WBxx_HAL_Driver/Src/stm32wbxx_hal_pwr_ex.o
 .debug_aranges
                0x00000ba8      0x270 ./Drivers/STM32WBxx_HAL_Driver/Src/stm32wbxx_hal_rcc.o
 .debug_aranges
                0x00000e18      0x390 ./Drivers/STM32WBxx_HAL_Driver/Src/stm32wbxx_hal_rcc_ex.o
 .debug_aranges
                0x000011a8       0xe8 ./Drivers/STM32WBxx_HAL_Driver/Src/stm32wbxx_hal_rtc.o
 .debug_aranges
                0x00001290      0x140 ./Drivers/STM32WBxx_HAL_Driver/Src/stm32wbxx_hal_rtc_ex.o
 .debug_aranges
                0x000013d0      0x1c0 ./Middlewares/ST/STM32_WPAN/ble/core/auto/ble_gap_aci.o
 .debug_aranges
                0x00001590      0x198 ./Middlewares/ST/STM32_WPAN/ble/core/auto/ble_gatt_aci.o
 .debug_aranges
                0x00001728       0xc8 ./Middlewares/ST/STM32_WPAN/ble/core/auto/ble_hal_aci.o
 .debug_aranges
                0x000017f0      0x298 ./Middlewares/ST/STM32_WPAN/ble/core/auto/ble_hci_le.o
 .debug_aranges
                0x00001a88       0x30 ./Middlewares/ST/STM32_WPAN/ble/core/template/osal.o
 .debug_aranges
                0x00001ab8       0xd0 ./Middlewares/ST/STM32_WPAN/ble/svc/Src/svc_ctl.o
 .debug_aranges
                0x00001b88      0x118 ./Middlewares/ST/STM32_WPAN/interface/patterns/ble_thread/shci/shci.o
 .debug_aranges
                0x00001ca0       0x68 ./Middlewares/ST/STM32_WPAN/interface/patterns/ble_thread/tl/hci_tl.o
 .debug_aranges
                0x00001d08       0x20 ./Middlewares/ST/STM32_WPAN/interface/patterns/ble_thread/tl/hci_tl_if.o
 .debug_aranges
                0x00001d28       0x68 ./Middlewares/ST/STM32_WPAN/interface/patterns/ble_thread/tl/shci_tl.o
 .debug_aranges
                0x00001d90       0x20 ./Middlewares/ST/STM32_WPAN/interface/patterns/ble_thread/tl/shci_tl_if.o
 .debug_aranges
                0x00001db0       0xa8 ./Middlewares/ST/STM32_WPAN/interface/patterns/ble_thread/tl/tl_mbox.o
 .debug_aranges
                0x00001e58       0x20 ./Middlewares/ST/STM32_WPAN/utilities/otp.o
 .debug_aranges
                0x00001e78       0x78 ./Middlewares/ST/STM32_WPAN/utilities/stm_list.o
 .debug_aranges
                0x00001ef0       0xa0 ./STM32_WPAN/App/app_ble.o
 .debug_aranges
                0x00001f90       0x30 ./STM32_WPAN/App/custom_app.o
 .debug_aranges
                0x00001fc0       0x48 ./STM32_WPAN/App/custom_stm.o
 .debug_aranges
                0x00002008      0x138 ./STM32_WPAN/Target/hw_ipcc.o
 .debug_aranges
                0x00002140       0x48 ./Utilities/lpm/tiny_lpm/stm32_lpm.o
 .debug_aranges
                0x00002188       0xc8 ./Utilities/sequencer/stm32_seq.o

.debug_rnglists
                0x00000000     0x1a0a
 .debug_rnglists
                0x00000000       0x38 ./Core/Src/app_debug.o
 .debug_rnglists
                0x00000038       0xc2 ./Core/Src/app_entry.o
 .debug_rnglists
                0x000000fa       0x85 ./Core/Src/hw_timerserver.o
 .debug_rnglists
                0x0000017f       0x44 ./Core/Src/main.o
 .debug_rnglists
                0x000001c3       0x4f ./Core/Src/stm32wbxx_hal_msp.o
 .debug_rnglists
                0x00000212       0x5b ./Core/Src/stm32wbxx_it.o
 .debug_rnglists
                0x0000026d       0x1b ./Core/Src/system_stm32wbxx.o
 .debug_rnglists
                0x00000288       0x1f ./Core/Startup/startup_stm32wb55cgux.o
 .debug_rnglists
                0x000002a7      0x1db ./Drivers/STM32WBxx_HAL_Driver/Src/stm32wbxx_hal.o
 .debug_rnglists
                0x00000482       0xce ./Drivers/STM32WBxx_HAL_Driver/Src/stm32wbxx_hal_cortex.o
 .debug_rnglists
                0x00000550       0x4f ./Drivers/STM32WBxx_HAL_Driver/Src/stm32wbxx_hal_hsem.o
 .debug_rnglists
                0x0000059f       0x78 ./Drivers/STM32WBxx_HAL_Driver/Src/stm32wbxx_hal_ipcc.o
 .debug_rnglists