../Drivers/STM32WBxx_HAL_Driver/Inc/stm32wbxx_ll_bus.h:539:22:LL_AHB2_GRP1_EnableClock	24	static
../Core/Src/main.c:88:6:HAL_UART_RxCpltCallback	16	static
../Core/Src/main.c:101:5:main	8	static
../Core/Src/main.c:162:6:SystemClock_Config	112	static
../Core/Src/main.c:214:6:PeriphCommonClock_Config	88	static
../Core/Src/main.c:239:13:MX_IPCC_Init	8	static
../Core/Src/main.c:265:13:MX_LPUART1_UART_Init	8	static
../Core/Src/main.c:313:13:MX_RF_Init	4	static
../Core/Src/main.c:334:13:MX_RTC_Init	32	static
../Core/Src/main.c:406:13:MX_TIM2_Init	40	static
../Core/Src/main.c:451:13:MX_GPIO_Init	32	static
../Core/Src/main.c:478:6:HAL_TIM_PeriodElapsedCallback	16	static
../Core/Src/main.c:496:6:Error_Handler	4	static,ignoring_inline_asm
