../Drivers/STM32WBxx_HAL_Driver/Inc/stm32wbxx_ll_bus.h:539:22:LL_AHB2_GRP1_EnableClock	1
../Core/Src/main.c:88:6:HAL_UART_RxCpltCallback	2
../Core/Src/main.c:101:5:main	1
../Core/Src/main.c:162:6:SystemClock_Config	3
../Core/Src/main.c:214:6:PeriphCommonClock_Config	2
../Core/Src/main.c:239:13:MX_IPCC_Init	2
../Core/Src/main.c:265:13:MX_LPUART1_UART_Init	5
../Core/Src/main.c:313:13:MX_RF_Init	1
../Core/Src/main.c:334:13:MX_RTC_Init	5
../Core/Src/main.c:406:13:MX_TIM2_Init	4
../Core/Src/main.c:451:13:MX_GPIO_Init	1
../Core/Src/main.c:478:6:HAL_TIM_PeriodElapsedCallback	3
../Core/Src/main.c:496:6:Error_Handler	1
