../Drivers/STM32WBxx_HAL_Driver/Inc/stm32wbxx_ll_bus.h:539:22:LL_AHB2_GRP1_EnableClock	1
../Core/Src/main.c:87:6:HAL_UART_RxCpltCallback	2
../Core/Src/main.c:95:6:HAL_TIM_PeriodElapsedCallback	3
../Core/Src/main.c:111:5:main	1
../Core/Src/main.c:172:6:SystemClock_Config	3
../Core/Src/main.c:224:6:PeriphCommonClock_Config	2
../Core/Src/main.c:249:13:MX_IPCC_Init	2
../Core/Src/main.c:275:13:MX_LPUART1_UART_Init	5
../Core/Src/main.c:323:13:MX_RF_Init	1
../Core/Src/main.c:344:13:MX_RTC_Init	3
../Core/Src/main.c:387:13:MX_TIM2_Init	4
../Core/Src/main.c:432:13:MX_GPIO_Init	1
../Core/Src/main.c:466:6:Error_Handler	1
